Microchip MPLAB XC8 Compiler V3.10

Linker command line:

-W-3 \
  --edf=C:\Program Files\Microchip\xc8\v3.10\pic\dat\20250813170317_en.msgs \
  -cn -h+dist/default/debug\Trabalho_final.X.debug.sym \
  --cmf=dist/default/debug\Trabalho_final.X.debug.cmf -z -Q16F1827 \
  -oC:\Users\ferna\AppData\Local\Temp\xcAsh4k.0\driver_tmp_3.o \
  --defsym=__MPLAB_BUILD=1 --fixupoverflow=error \
  -Mdist/default/debug/Trabalho_final.X.debug.map \
  --md=C:\Users\ferna\AppData\Local\Temp\xcAsh4k.0\driver_tmp_0.dat -E1 \
  -ver=XC8 Compiler -ACODE=00h-07FFhx2 -ASTRCODE=00h-0FFFh \
  -ASTRING=00h-0FFhx16 -ACONST=00h-0FFhx16 -AENTRY=00h-0FFhx16 \
  -ACOMMON=070h-07Fh -ABANK0=020h-06Fh -ABANK1=0A0h-0EFh \
  -ABANK2=0120h-016Fh -ABANK3=01A0h-01EFh -ABANK4=0220h-024Fh \
  -ABIGRAM=02000h-0216Fh \
  -ARAM=020h-06Fh,0A0h-0EFh,0120h-016Fh,01A0h-01EFh,0220h-024Fh \
  -AABS1=020h-07Fh,0A0h-0EFh,0120h-016Fh,01A0h-01EFh,0220h-024Fh \
  -ASFR0=00h-01Fh -ASFR1=080h-09Fh -ASFR2=0100h-011Fh -ASFR3=0180h-019Fh \
  -ASFR4=0200h-021Fh -ASFR5=0280h-02EFh -ASFR6=0300h-036Fh \
  -ASFR7=0380h-03EFh -ASFR8=0400h-046Fh -ASFR9=0480h-04EFh \
  -ASFR10=0500h-056Fh -ASFR11=0580h-05EFh -ASFR12=0600h-066Fh \
  -ASFR13=0680h-06EFh -ASFR14=0700h-076Fh -ASFR15=0780h-07EFh \
  -ASFR16=0800h-086Fh -ASFR17=0880h-08EFh -ASFR18=0900h-096Fh \
  -ASFR19=0980h-09EFh -ASFR20=0A00h-0A6Fh -ASFR21=0A80h-0AEFh \
  -ASFR22=0B00h-0B6Fh -ASFR23=0B80h-0BEFh -ASFR24=0C00h-0C6Fh \
  -ASFR25=0C80h-0CEFh -ASFR26=0D00h-0D6Fh -ASFR27=0D80h-0DEFh \
  -ASFR28=0E00h-0E6Fh -ASFR29=0E80h-0EEFh -ASFR30=0F00h-0F6Fh \
  -ASFR31=0F80h-0FEFh -ACONFIG=08007h-08008h -DCONFIG=2 \
  -AIDLOC=08000h-08003h -DIDLOC=2 -AEEDATA=00h-0FFh/0F000h \
  -peeprom_data=EEDATA -DEEDATA=2 -DCODE=2 -DSTRCODE=2 -DSTRING=2 -DCONST=2 \
  -DENTRY=2 -preset_vec=00h,intentry=04h,sivt,init,end_init -ppowerup=CODE \
  -pcinit=CODE -pfunctab=ENTRY -k \
  C:\Users\ferna\AppData\Local\Temp\xcAsh4k.0\driver_tmp_15.o \
  dist/default/debug\Trabalho_final.X.debug.o 

Object code version is 3.11

Machine type is 16F1827



                Name                               Link     Load   Length Selector   Space Scale
C:\Users\ferna\AppData\Local\Temp\xcAsh4k.0\driver_tmp_15.o
                end_init                             75       75        2        8       0
                reset_vec                             0        0        2        0       0
                config                             8007     8007        2        0       4
dist/default/debug\Trabalho_final.X.debug.o
                cinit                                77       77       15        8       0
                intentry                              4        4       71        8       0
                config                             8007     8007        2        0       4
                text66                              D5D      D5D        3     1ABA       0
                text65                              D60      D60        3     1AC0       0
                text64                              EB2      EB2       14     1D64       0
                text63                              D63      D63        4     1AC6       0
                text62                              D5A      D5A        1     1AB4       0
                text61                              D67      D67        4     1ACE       0
                text60                              6C4      6C4       39        8       0
                text59                              F11      F11       1E     1E22       0
                text58                              D5B      D5B        1     1AB6       0
                text57                              E40      E40        F     1C80       0
                text56                              D5C      D5C        1     1AB8       0
                text55                              E4F      E4F        F     1C9E       0
                text54                              E7C      E7C       11     1CF8       0
                text53                                2        2        1        0       0
                text52                              E5E      E5E        F     1CBC       0
                text51                              EDA      EDA       1B     1DB4       0
                text50                              D73      D73        5     1AE6       0
                text49                              51E      51E       58        8       0
                text48                              765      765       33        8       0
                text47                                3        3        1        6       0
                text46                              37E      37E       B2        8       0
                text45                              E6D      E6D        F     1CDA       0
                text43                              EF5      EF5       1C     1DEA       0
                text42                              E24      E24        E     1C48       0
                text41                              E32      E32        E     1C64       0
                text40                              D93      D93        9     1B26       0
                text39                              FA5      FA5       2D     1F4A       0
                text38                              64A      64A       3F        8       0
                text37                              FD2      FD2       2E     1FA4       0
                text36                              E8D      E8D       12     1D1A       0
                text35                              6FD      6FD       35        8       0
                text34                              430      430       80        8       0
                text33                              D8B      D8B        8     1B16       0
                text32                              E0C      E0C        C     1C18       0
                text31                              E18      E18        C     1C30       0
                text30                              D9C      D9C        9     1B38       0
                text29                              DA5      DA5        9     1B4A       0
                text28                              DAE      DAE        9     1B5C       0
                text27                              DB7      DB7        9     1B6E       0
                text26                              DC0      DC0        9     1B80       0
                text25                              5C8      5C8       42        8       0
                text24                              D6B      D6B        4     1AD6       0
                text23                              D84      D84        7     1B08       0
                text22                              D78      D78        6     1AF0       0
                text21                              DC9      DC9        9     1B92       0
                text20                              798      798       32        8       0
                text19                              DD2      DD2        9     1BA4       0
                text18                              E01      E01        B     1C02       0
                text17                              DED      DED        A     1BDA       0
                text16                              DDB      DDB        9     1BB6       0
                text15                              E9F      E9F       13     1D3E       0
                text14                              DE4      DE4        9     1BC8       0
                text13                              EC6      EC6       14     1D8C       0
                text12                              D6F      D6F        4     1ADE       0
                text11                              F54      F54       28     1EA8       0
                text10                              F7C      F7C       29     1EF8       0
                text9                               4B0      4B0       6E        8       0
                text8                               576      576       52        8       0
                text7                               689      689       3B        8       0
                text6                               732      732       33        8       0
                text5                               257      257      127        8       0
                text4                               F2F      F2F       25     1E5E       0
                text3                               7CA      7CA       2E        8       0
                text2                               DF7      DF7        A     1BEE       0
                text1                               60A      60A       40        8       0
                maintext                             8C       8C      1CB        8       0
                cstackBANK0                          46       46       1A       20       1
                cstackCOMMON                         70       70        D       70       1
                cstackBANK1                          C8       C8       10       A0       1
                clrtext                             D7E      D7E        6     1AFC       0
                bssBANK1                             A0       A0       18       A0       1
                bssBANK0                             20       20       26       20       1
                bssCOMMON                            7D       7D        1       70       1
                nvBANK1                              B8       B8       10       A0       1
                nvBANK0                              60       60        2       20       1
                stringtext5                         82C      82C        4      FF0       0
                stringtext4                         828      828        4      FF0       0
                stringtext3                         81C      81C        C      FF0       0
                stringtext2                         80C      80C       10      FF0       0
                stringtext1                         7F8      7F8       14      FF0       0

TOTAL           Name                               Link     Load   Length     Space
        CLASS   CODE           
                end_init                             75       75        2         0
                cinit                                77       77       15         0
                intentry                              4        4       71         0
                reset_vec                             0        0        2         0
                text66                              D5D      D5D        3         0
                text65                              D60      D60        3         0
                text64                              EB2      EB2       14         0
                text63                              D63      D63        4         0
                text62                              D5A      D5A        1         0
                text61                              D67      D67        4         0
                text60                              6C4      6C4       39         0
                text59                              F11      F11       1E         0
                text58                              D5B      D5B        1         0
                text57                              E40      E40        F         0
                text56                              D5C      D5C        1         0
                text55                              E4F      E4F        F         0
                text54                              E7C      E7C       11         0
                text53                                2        2        1         0
                text52                              E5E      E5E        F         0
                text51                              EDA      EDA       1B         0
                text50                              D73      D73        5         0
                text49                              51E      51E       58         0
                text48                              765      765       33         0
                text47                                3        3        1         0
                text46                              37E      37E       B2         0
                text45                              E6D      E6D        F         0
                text43                              EF5      EF5       1C         0
                text42                              E24      E24        E         0
                text41                              E32      E32        E         0
                text40                              D93      D93        9         0
                text39                              FA5      FA5       2D         0
                text38                              64A      64A       3F         0
                text37                              FD2      FD2       2E         0
                text36                              E8D      E8D       12         0
                text35                              6FD      6FD       35         0
                text34                              430      430       80         0
                text33                              D8B      D8B        8         0
                text32                              E0C      E0C        C         0
                text31                              E18      E18        C         0
                text30                              D9C      D9C        9         0
                text29                              DA5      DA5        9         0
                text28                              DAE      DAE        9         0
                text27                              DB7      DB7        9         0
                text26                              DC0      DC0        9         0
                text25                              5C8      5C8       42         0
                text24                              D6B      D6B        4         0
                text23                              D84      D84        7         0
                text22                              D78      D78        6         0
                text21                              DC9      DC9        9         0
                text20                              798      798       32         0
                text19                              DD2      DD2        9         0
                text18                              E01      E01        B         0
                text17                              DED      DED        A         0
                text16                              DDB      DDB        9         0
                text15                              E9F      E9F       13         0
                text14                              DE4      DE4        9         0
                text13                              EC6      EC6       14         0
                text12                              D6F      D6F        4         0
                text11                              F54      F54       28         0
                text10                              F7C      F7C       29         0
                text9                               4B0      4B0       6E         0
                text8                               576      576       52         0
                text7                               689      689       3B         0
                text6                               732      732       33         0
                text5                               257      257      127         0
                text4                               F2F      F2F       25         0
                text3                               7CA      7CA       2E         0
                text2                               DF7      DF7        A         0
                text1                               60A      60A       40         0
                maintext                             8C       8C      1CB         0
                clrtext                             D7E      D7E        6         0

        CLASS   STRCODE        
                stringtext5                         82C      82C        4         0
                stringtext4                         828      828        4         0
                stringtext3                         81C      81C        C         0
                stringtext2                         80C      80C       10         0
                stringtext1                         7F8      7F8       14         0

        CLASS   STRING         

        CLASS   CONST          

        CLASS   ENTRY          

        CLASS   COMMON         
                cstackCOMMON                         70       70        D         1
                bssCOMMON                            7D       7D        1         1

        CLASS   BANK0          
                cstackBANK0                          46       46       1A         1
                bssBANK0                             20       20       26         1
                nvBANK0                              60       60        2         1

        CLASS   BANK1          
                cstackBANK1                          C8       C8       10         1
                bssBANK1                             A0       A0       18         1
                nvBANK1                              B8       B8       10         1

        CLASS   BANK2          

        CLASS   BANK3          

        CLASS   BANK4          

        CLASS   BIGRAM         

        CLASS   RAM            

        CLASS   ABS1           
                abs_s1                               7E       7E        2         1

        CLASS   SFR0           

        CLASS   SFR1           

        CLASS   SFR2           

        CLASS   SFR3           

        CLASS   SFR4           

        CLASS   SFR5           

        CLASS   SFR6           

        CLASS   SFR7           

        CLASS   SFR8           

        CLASS   SFR9           

        CLASS   SFR10          

        CLASS   SFR11          

        CLASS   SFR12          

        CLASS   SFR13          

        CLASS   SFR14          

        CLASS   SFR15          

        CLASS   SFR16          

        CLASS   SFR17          

        CLASS   SFR18          

        CLASS   SFR19          

        CLASS   SFR20          

        CLASS   SFR21          

        CLASS   SFR22          

        CLASS   SFR23          

        CLASS   SFR24          

        CLASS   SFR25          

        CLASS   SFR26          

        CLASS   SFR27          

        CLASS   SFR28          

        CLASS   SFR29          

        CLASS   SFR30          

        CLASS   SFR31          

        CLASS   CONFIG         
                config                             8007     8007        2         4

        CLASS   IDLOC          

        CLASS   EEDATA         

        CLASS   BANK31         

        CLASS   BANK30         

        CLASS   BANK29         

        CLASS   BANK28         

        CLASS   BANK27         

        CLASS   BANK26         

        CLASS   BANK25         

        CLASS   BANK24         

        CLASS   BANK23         

        CLASS   BANK22         

        CLASS   BANK21         

        CLASS   BANK20         

        CLASS   BANK19         

        CLASS   BANK18         

        CLASS   BANK17         

        CLASS   BANK16         

        CLASS   BANK15         

        CLASS   BANK14         

        CLASS   BANK13         

        CLASS   BANK12         

        CLASS   BANK11         

        CLASS   BANK10         

        CLASS   BANK9          

        CLASS   BANK8          

        CLASS   BANK7          

        CLASS   BANK6          

        CLASS   BANK5          

        CLASS   HEAP           

        CLASS   STACK          



SEGMENTS        Name                           Load    Length   Top    Selector   Space  Class     Delta

                reset_vec                      000000  000003  000003         0       0  CODE        2
                text47                         000003  000001  000004         6       0  CODE        2
                intentry                       000004  0007F4  0007F8         8       0  CODE        2
                bssBANK0                       000020  000042  000062        20       1  BANK0       1
                cstackCOMMON                   000070  00000E  00007E        70       1  COMMON      1
                bssBANK1                       0000A0  000038  0000D8        A0       1  BANK1       1
                stringtext1                    0007F8  000038  000830       FF0       0  STRCODE     2
                text62                         000D5A  000001  000D5B      1AB4       0  CODE        2
                text58                         000D5B  000001  000D5C      1AB6       0  CODE        2
                text56                         000D5C  000001  000D5D      1AB8       0  CODE        2
                text66                         000D5D  000003  000D60      1ABA       0  CODE        2
                text65                         000D60  000003  000D63      1AC0       0  CODE        2
                text63                         000D63  000004  000D67      1AC6       0  CODE        2
                text61                         000D67  000004  000D6B      1ACE       0  CODE        2
                text24                         000D6B  000004  000D6F      1AD6       0  CODE        2
                text12                         000D6F  000004  000D73      1ADE       0  CODE        2
                text50                         000D73  000005  000D78      1AE6       0  CODE        2
                text22                         000D78  000006  000D7E      1AF0       0  CODE        2
                clrtext                        000D7E  000006  000D84      1AFC       0  CODE        2
                text23                         000D84  000007  000D8B      1B08       0  CODE        2
                text33                         000D8B  000008  000D93      1B16       0  CODE        2
                text40                         000D93  000009  000D9C      1B26       0  CODE        2
                text30                         000D9C  000009  000DA5      1B38       0  CODE        2
                text29                         000DA5  000009  000DAE      1B4A       0  CODE        2
                text28                         000DAE  000009  000DB7      1B5C       0  CODE        2
                text27                         000DB7  000009  000DC0      1B6E       0  CODE        2
                text26                         000DC0  000009  000DC9      1B80       0  CODE        2
                text21                         000DC9  000009  000DD2      1B92       0  CODE        2
                text19                         000DD2  000009  000DDB      1BA4       0  CODE        2
                text16                         000DDB  000009  000DE4      1BB6       0  CODE        2
                text14                         000DE4  000009  000DED      1BC8       0  CODE        2
                text17                         000DED  00000A  000DF7      1BDA       0  CODE        2
                text2                          000DF7  00000A  000E01      1BEE       0  CODE        2
                text18                         000E01  00000B  000E0C      1C02       0  CODE        2
                text32                         000E0C  00000C  000E18      1C18       0  CODE        2
                text31                         000E18  00000C  000E24      1C30       0  CODE        2
                text42                         000E24  00000E  000E32      1C48       0  CODE        2
                text41                         000E32  00000E  000E40      1C64       0  CODE        2
                text57                         000E40  00000F  000E4F      1C80       0  CODE        2
                text55                         000E4F  00000F  000E5E      1C9E       0  CODE        2
                text52                         000E5E  00000F  000E6D      1CBC       0  CODE        2
                text45                         000E6D  00000F  000E7C      1CDA       0  CODE        2
                text54                         000E7C  000011  000E8D      1CF8       0  CODE        2
                text36                         000E8D  000012  000E9F      1D1A       0  CODE        2
                text15                         000E9F  000013  000EB2      1D3E       0  CODE        2
                text64                         000EB2  000014  000EC6      1D64       0  CODE        2
                text13                         000EC6  000014  000EDA      1D8C       0  CODE        2
                text51                         000EDA  00001B  000EF5      1DB4       0  CODE        2
                text43                         000EF5  00001C  000F11      1DEA       0  CODE        2
                text59                         000F11  00001E  000F2F      1E22       0  CODE        2
                text4                          000F2F  000025  000F54      1E5E       0  CODE        2
                text11                         000F54  000028  000F7C      1EA8       0  CODE        2
                text10                         000F7C  000029  000FA5      1EF8       0  CODE        2
                text39                         000FA5  00002D  000FD2      1F4A       0  CODE        2
                text37                         000FD2  00002E  001000      1FA4       0  CODE        2


UNUSED ADDRESS RANGES

        Name                Unused          Largest block    Delta
        BANK0            00062-0006F               E           1
        BANK1            000D8-000EF              18           1
        BANK2            00120-0016F              50           1
        BANK3            001A0-001EF              50           1
        BANK4            00220-0024F              30           1
        BIGRAM           02000-0216F             170           1
        CODE             00830-00D59             52A           2
        CONST            00830-00D59             100           2
        EEDATA           0F000-0F0FF             100           2
        ENTRY            00830-00D59             100           2
        IDLOC            08000-08003               4           2
        RAM              00062-0006F               E           1
                         000D8-000EF              18
                         00120-0016F              50
                         001A0-001EF              50
                         00220-0024F              30
        SFR0             00000-0001F              20           1
        SFR1             00080-0009F              20           1
        SFR10            00500-0056F              70           1
        SFR11            00580-005EF              70           1
        SFR12            00600-0066F              70           1
        SFR13            00680-006EF              70           1
        SFR14            00700-0076F              70           1
        SFR15            00780-007EF              70           1
        SFR16            00800-0086F              70           1
        SFR17            00880-008EF              70           1
        SFR18            00900-0096F              70           1
        SFR19            00980-009EF              70           1
        SFR2             00100-0011F              20           1
        SFR20            00A00-00A6F              70           1
        SFR21            00A80-00AEF              70           1
        SFR22            00B00-00B6F              70           1
        SFR23            00B80-00BEF              70           1
        SFR24            00C00-00C6F              70           1
        SFR25            00C80-00CEF              70           1
        SFR26            00D00-00D6F              70           1
        SFR27            00D80-00DEF              70           1
        SFR28            00E00-00E6F              70           1
        SFR29            00E80-00EEF              70           1
        SFR3             00180-0019F              20           1
        SFR30            00F00-00F6F              70           1
        SFR31            00F80-00FEF              70           1
        SFR4             00200-0021F              20           1
        SFR5             00280-002EF              70           1
        SFR6             00300-0036F              70           1
        SFR7             00380-003EF              70           1
        SFR8             00400-0046F              70           1
        SFR9             00480-004EF              70           1
        STRCODE          00830-00D59             52A           2
        STRING           00830-00D59             100           2

                                  Symbol Table

?_ADC_GetConversion                            cstackCOMMON 00070
?_UART_RecebePedido                            cstackBANK0  00055
?___awdiv                                      cstackBANK0  0005A
?___awmod                                      cstackBANK0  00054
?___lldiv                                      cstackCOMMON 00070
?___lmul                                       cstackCOMMON 00070
?___lwdiv                                      cstackBANK0  00059
?___lwmod                                      cstackBANK0  00054
ADC_GetConversion@channel                      cstackCOMMON 00073
EUSART_Read@readValue                          cstackBANK0  00054
EUSART_SetErrorHandler@interruptHandler        cstackBANK0  00054
EUSART_SetFramingErrorHandler@interruptHandler cstackBANK0  00054
EUSART_SetOverrunErrorHandler@interruptHandler cstackBANK0  00054
EUSART_SetRxInterruptHandler@interruptHandler  cstackBANK0  00054
EUSART_SetTxInterruptHandler@interruptHandler  cstackBANK0  00054
EUSART_Write@txData                            cstackBANK1  000CC
Existe_Chamada_Abaixo@andar_ref                cstackBANK0  00055
Existe_Chamada_Abaixo@i                        cstackBANK0  00056
Existe_Chamada_Acima@andar_ref                 cstackBANK0  00055
Existe_Chamada_Acima@i                         cstackBANK0  00056
IOCBF0_SetInterruptHandler@InterruptHandler    cstackBANK0  00054
IOCBF3_SetInterruptHandler@InterruptHandler    cstackBANK0  00054
MAX7219_Write@address                          cstackBANK0  00055
MAX7219_Write@data                             cstackBANK0  00054
MatrizInicializa@i                             cstackBANK0  00056
MatrizInicializa@i_1670                        cstackBANK0  00057
MatrizLed@base_andar                           cstackBANK0  0005A
MatrizLed@base_seta                            cstackBANK0  0005C
MatrizLed@buffer_percurso                      cstackBANK0  0005B
MatrizLed@i                                    cstackBANK0  0005D
MatrizLed@i_1675                               cstackBANK0  0005E
MatrizLed@i_1677                               cstackBANK0  0005F
PWM3_LoadDutyValue@dutyValue                   cstackBANK0  00054
SENSORES_CalcularVelocidade@calculo_posicao    cstackBANK0  0004A
SENSORES_CalcularVelocidade@calculo_velocidade cstackBANK0  0004E
SENSORES_CalcularVelocidade@delta              cstackBANK0  00053
SENSORES_CalcularVelocidade@valor_atual        cstackBANK0  00052
TMR0_ReadTimer@readVal                         cstackCOMMON 00070
TMR2_SetInterruptHandler@InterruptHandler      cstackBANK0  00054
TMR4_SetInterruptHandler@InterruptHandler      cstackBANK0  00054
UART_RecebePedido@destino_pedido               cstackBANK0  00056
UART_RecebePedido@origem_pedido                cstackBANK0  00055
_ADCON0                                        (abs)        0009D
_ADCON0bits                                    (abs)        0009D
_ADCON1                                        (abs)        0009E
_ADC_GetConversion                             text51       00EDA
_ADC_Initialize                                text33       00D8B
_ADRESH                                        (abs)        0009C
_ADRESL                                        (abs)        0009B
_ANSELA                                        (abs)        0018C
_ANSELB                                        (abs)        0018D
_APFCON0                                       (abs)        0011D
_APFCON1                                       (abs)        0011E
_BAUDCON                                       (abs)        0019F
_BORCON                                        (abs)        00116
_CCP3CON                                       (abs)        00313
_CCPR3H                                        (abs)        00312
_CCPR3L                                        (abs)        00311
_CCPTMRS0bits                                  (abs)        0029E
_CM1CON0                                       (abs)        00111
_CM1CON0bits                                   (abs)        00111
_CM1CON1                                       (abs)        00112
_CM2CON0                                       (abs)        00113
_CM2CON0bits                                   (abs)        00113
_CM2CON1                                       (abs)        00114
_CMOUTbits                                     (abs)        00115
_CMP1_ISR                                      text66       00D5D
_CMP1_Initialize                               text32       00E0C
_CMP2_ISR                                      text65       00D60
_CMP2_Initialize                               text31       00E18
_Controle_Descer                               text42       00E24
_Controle_Parar                                text2        00DF7
_Controle_Subir                                text41       00E32
_EUSART_DefaultErrorHandler                    text63       00D63
_EUSART_DefaultFramingErrorHandler             text62       00D5A
_EUSART_DefaultOverrunErrorHandler             text61       00D67
_EUSART_ErrorHandler                           nvBANK1      000B8
_EUSART_FramingErrorHandler                    nvBANK1      000BC
_EUSART_Initialize                             text25       005C8
_EUSART_OverrunErrorHandler                    nvBANK1      000BA
_EUSART_Read                                   text4        00F2F
_EUSART_Receive_ISR                            text60       006C4
_EUSART_RxDataHandler                          text64       00EB2
_EUSART_RxDefaultInterruptHandler              nvBANK1      000C2
_EUSART_SetErrorHandler                        text30       00D9C
_EUSART_SetFramingErrorHandler                 text29       00DA5
_EUSART_SetOverrunErrorHandler                 text28       00DAE
_EUSART_SetRxInterruptHandler                  text27       00DB7
_EUSART_SetTxInterruptHandler                  text26       00DC0
_EUSART_Transmit_ISR                           text59       00F11
_EUSART_TxDefaultInterruptHandler              nvBANK1      000C4
_EUSART_Write                                  text10       00F7C
_EUSART_is_rx_ready                            text40       00D93
_Existe_Chamada_Abaixo                         text39       00FA5
_Existe_Chamada_Acima                          text38       0064A
_FVRCON                                        (abs)        00117
_FVRCONbits                                    (abs)        00117
_FVR_Initialize                                text24       00D6B
_INTCONbits                                    (abs)        0000B
_INTERRUPT_InterruptManager                    intentry     00004
_IOCBF0_DefaultInterruptHandler                text58       00D5B
_IOCBF0_ISR                                    text57       00E40
_IOCBF0_InterruptHandler                       nvBANK0      00060
_IOCBF0_SetInterruptHandler                    text22       00D78
_IOCBF3_DefaultInterruptHandler                text56       00D5C
_IOCBF3_ISR                                    text55       00E4F
_IOCBF3_InterruptHandler                       nvBANK1      000C6
_IOCBF3_SetInterruptHandler                    text21       00DC9
_IOCBFbits                                     (abs)        00396
_IOCBNbits                                     (abs)        00395
_IOCBPbits                                     (abs)        00394
_LATA                                          (abs)        0010C
_LATAbits                                      (abs)        0010C
_LATB                                          (abs)        0010D
_LATBbits                                      (abs)        0010D
_LUT_Andar                                     stringtext2  0080C
_LUT_dir                                       stringtext1  007F8
_LUT_percurso                                  stringtext4  00828
_Limpar_Chamada_Atual                          text37       00FD2
_MAX7219_Write                                 text36       00E8D
_MatrizInicializa                              text35       006FD
_MatrizLed                                     text34       00430
_OPTION_REG                                    (abs)        00095
_OPTION_REGbits                                (abs)        00095
_OSCCON                                        (abs)        00099
_OSCILLATOR_Initialize                         text23       00D84
_OSCTUNE                                       (abs)        00098
_PIE1bits                                      (abs)        00091
_PIE2bits                                      (abs)        00092
_PIE3bits                                      (abs)        00093
_PIN_MANAGER_IOC                               text54       00E7C
_PIN_MANAGER_Initialize                        text20       00798
_PIR1bits                                      (abs)        00011
_PIR2bits                                      (abs)        00012
_PIR3bits                                      (abs)        00013
_PORTBbits                                     (abs)        0000D
_PR2                                           (abs)        0001B
_PR4                                           (abs)        00416
_PWM3_Initialize                               text19       00DD2
_PWM3_LoadDutyValue                            text43       00EF5
_RCREG                                         (abs)        00199
_RCSTA                                         (abs)        0019D
_RCSTAbits                                     (abs)        0019D
_SENSORES_CalcularVelocidade                   text46       0037E
_SPBRGH                                        (abs)        0019C
_SPBRGL                                        (abs)        0019B
_SPI1_Initialize                               text18       00E01
_SSP1ADD                                       (abs)        00212
_SSP1BUF                                       (abs)        00211
_SSP1CON1                                      (abs)        00215
_SSP1CON1bits                                  (abs)        00215
_SSP1CON2                                      (abs)        00216
_SSP1STAT                                      (abs)        00214
_SYSTEM_Initialize                             text11       00F54
_T2CON                                         (abs)        0001C
_T2CONbits                                     (abs)        0001C
_T4CON                                         (abs)        00417
_T4CONbits                                     (abs)        00417
_TMR0                                          (abs)        00015
_TMR0_Initialize                               text17       00DED
_TMR0_ReadTimer                                text50       00D73
_TMR2                                          (abs)        0001A
_TMR2_DefaultInterruptHandler                  text53       00002
_TMR2_ISR                                      text52       00E5E
_TMR2_Initialize                               text15       00E9F
_TMR2_InterruptHandler                         nvBANK1      000C0
_TMR2_SetInterruptHandler                      text16       00DDB
_TMR4                                          (abs)        00415
_TMR4_DefaultInterruptHandler                  text47       00003
_TMR4_ISR                                      text45       00E6D
_TMR4_Initialize                               text13       00EC6
_TMR4_InterruptHandler                         nvBANK1      000BE
_TMR4_SetInterruptHandler                      text14       00DE4
_TRISA                                         (abs)        0008C
_TRISB                                         (abs)        0008D
_TRISBbits                                     (abs)        0008D
_TXREG                                         (abs)        0019A
_TXSTA                                         (abs)        0019E
_TXSTAbits                                     (abs)        0019E
_UART_EnviaDados                               text5        00257
_UART_RecebePedido                             text3        007CA
_Verificar_Sensores                            text1        0060A
_WDTCON                                        (abs)        00097
_WDT_Initialize                                text12       00D6F
_WPUA                                          (abs)        0020C
_WPUB                                          (abs)        0020D
__H__absolute__                                __absolute__ 00000
__Habs1                                        abs1         00000
__Hbank0                                       bank0        00000
__Hbank1                                       bank1        00000
__Hbank10                                      bank10       00000
__Hbank11                                      bank11       00000
__Hbank12                                      bank12       00000
__Hbank13                                      bank13       00000
__Hbank14                                      bank14       00000
__Hbank15                                      bank15       00000
__Hbank16                                      bank16       00000
__Hbank17                                      bank17       00000
__Hbank18                                      bank18       00000
__Hbank19                                      bank19       00000
__Hbank2                                       bank2        00000
__Hbank20                                      bank20       00000
__Hbank21                                      bank21       00000
__Hbank22                                      bank22       00000
__Hbank23                                      bank23       00000
__Hbank24                                      bank24       00000
__Hbank25                                      bank25       00000
__Hbank26                                      bank26       00000
__Hbank27                                      bank27       00000
__Hbank28                                      bank28       00000
__Hbank29                                      bank29       00000
__Hbank3                                       bank3        00000
__Hbank30                                      bank30       00000
__Hbank31                                      bank31       00000
__Hbank4                                       bank4        00000
__Hbank5                                       bank5        00000
__Hbank6                                       bank6        00000
__Hbank7                                       bank7        00000
__Hbank8                                       bank8        00000
__Hbank9                                       bank9        00000
__Hbigram                                      bigram       00000
__HbssBANK0                                    bssBANK0     00000
__HbssBANK1                                    bssBANK1     00000
__HbssCOMMON                                   bssCOMMON    00000
__Hcinit                                       cinit        0008C
__Hclrtext                                     clrtext      00000
__Hcode                                        code         00000
__Hcommon                                      common       00000
__Hconfig                                      config       08009
__HcstackBANK0                                 cstackBANK0  00000
__HcstackBANK1                                 cstackBANK1  00000
__HcstackCOMMON                                cstackCOMMON 00000
__Heeprom_data                                 eeprom_data  00000
__Hend_init                                    end_init     00077
__Hfunctab                                     functab      00000
__Hheap                                        heap         00000
__Hinit                                        init         00075
__Hintentry                                    intentry     00075
__Hmaintext                                    maintext     00000
__HnvBANK0                                     nvBANK0      00000
__HnvBANK1                                     nvBANK1      00000
__Hpowerup                                     powerup      00000
__Hram                                         ram          00000
__Hreset_vec                                   reset_vec    00002
__Hsfr0                                        sfr0         00000
__Hsfr1                                        sfr1         00000
__Hsfr10                                       sfr10        00000
__Hsfr11                                       sfr11        00000
__Hsfr12                                       sfr12        00000
__Hsfr13                                       sfr13        00000
__Hsfr14                                       sfr14        00000
__Hsfr15                                       sfr15        00000
__Hsfr16                                       sfr16        00000
__Hsfr17                                       sfr17        00000
__Hsfr18                                       sfr18        00000
__Hsfr19                                       sfr19        00000
__Hsfr2                                        sfr2         00000
__Hsfr20                                       sfr20        00000
__Hsfr21                                       sfr21        00000
__Hsfr22                                       sfr22        00000
__Hsfr23                                       sfr23        00000
__Hsfr24                                       sfr24        00000
__Hsfr25                                       sfr25        00000
__Hsfr26                                       sfr26        00000
__Hsfr27                                       sfr27        00000
__Hsfr28                                       sfr28        00000
__Hsfr29                                       sfr29        00000
__Hsfr3                                        sfr3         00000
__Hsfr30                                       sfr30        00000
__Hsfr31                                       sfr31        00000
__Hsfr4                                        sfr4         00000
__Hsfr5                                        sfr5         00000
__Hsfr6                                        sfr6         00000
__Hsfr7                                        sfr7         00000
__Hsfr8                                        sfr8         00000
__Hsfr9                                        sfr9         00000
__Hsivt                                        sivt         00075
__Hspace_0                                     (abs)        01000
__Hspace_1                                     (abs)        000D8
__Hspace_2                                     (abs)        00000
__Hspace_3                                     (abs)        00000
__Hspace_4                                     (abs)        10010
__Hstack                                       stack        00000
__Hstrings                                     strings      00000
__Hstringtext1                                 stringtext1  00000
__Hstringtext2                                 stringtext2  00000
__Hstringtext3                                 stringtext3  00000
__Hstringtext4                                 stringtext4  00000
__Hstringtext5                                 stringtext5  00000
__Htext                                        text         00000
__L__absolute__                                __absolute__ 00000
__Labs1                                        abs1         00000
__Lbank0                                       bank0        00000
__Lbank1                                       bank1        00000
__Lbank10                                      bank10       00000
__Lbank11                                      bank11       00000
__Lbank12                                      bank12       00000
__Lbank13                                      bank13       00000
__Lbank14                                      bank14       00000
__Lbank15                                      bank15       00000
__Lbank16                                      bank16       00000
__Lbank17                                      bank17       00000
__Lbank18                                      bank18       00000
__Lbank19                                      bank19       00000
__Lbank2                                       bank2        00000
__Lbank20                                      bank20       00000
__Lbank21                                      bank21       00000
__Lbank22                                      bank22       00000
__Lbank23                                      bank23       00000
__Lbank24                                      bank24       00000
__Lbank25                                      bank25       00000
__Lbank26                                      bank26       00000
__Lbank27                                      bank27       00000
__Lbank28                                      bank28       00000
__Lbank29                                      bank29       00000
__Lbank3                                       bank3        00000
__Lbank30                                      bank30       00000
__Lbank31                                      bank31       00000
__Lbank4                                       bank4        00000
__Lbank5                                       bank5        00000
__Lbank6                                       bank6        00000
__Lbank7                                       bank7        00000
__Lbank8                                       bank8        00000
__Lbank9                                       bank9        00000
__Lbigram                                      bigram       00000
__LbssBANK0                                    bssBANK0     00000
__LbssBANK1                                    bssBANK1     00000
__LbssCOMMON                                   bssCOMMON    00000
__Lcinit                                       cinit        00077
__Lclrtext                                     clrtext      00000
__Lcode                                        code         00000
__Lcommon                                      common       00000
__Lconfig                                      config       00000
__LcstackBANK0                                 cstackBANK0  00000
__LcstackBANK1                                 cstackBANK1  00000
__LcstackCOMMON                                cstackCOMMON 00000
__Leeprom_data                                 eeprom_data  00000
__Lend_init                                    end_init     00075
__Lfunctab                                     functab      00000
__Lheap                                        heap         00000
__Linit                                        init         00075
__Lintentry                                    intentry     00004
__Lmaintext                                    maintext     00000
__LnvBANK0                                     nvBANK0      00000
__LnvBANK1                                     nvBANK1      00000
__Lpowerup                                     powerup      00000
__Lram                                         ram          00000
__Lreset_vec                                   reset_vec    00000
__Lsfr0                                        sfr0         00000
__Lsfr1                                        sfr1         00000
__Lsfr10                                       sfr10        00000
__Lsfr11                                       sfr11        00000
__Lsfr12                                       sfr12        00000
__Lsfr13                                       sfr13        00000
__Lsfr14                                       sfr14        00000
__Lsfr15                                       sfr15        00000
__Lsfr16                                       sfr16        00000
__Lsfr17                                       sfr17        00000
__Lsfr18                                       sfr18        00000
__Lsfr19                                       sfr19        00000
__Lsfr2                                        sfr2         00000
__Lsfr20                                       sfr20        00000
__Lsfr21                                       sfr21        00000
__Lsfr22                                       sfr22        00000
__Lsfr23                                       sfr23        00000
__Lsfr24                                       sfr24        00000
__Lsfr25                                       sfr25        00000
__Lsfr26                                       sfr26        00000
__Lsfr27                                       sfr27        00000
__Lsfr28                                       sfr28        00000
__Lsfr29                                       sfr29        00000
__Lsfr3                                        sfr3         00000
__Lsfr30                                       sfr30        00000
__Lsfr31                                       sfr31        00000
__Lsfr4                                        sfr4         00000
__Lsfr5                                        sfr5         00000
__Lsfr6                                        sfr6         00000
__Lsfr7                                        sfr7         00000
__Lsfr8                                        sfr8         00000
__Lsfr9                                        sfr9         00000
__Lsivt                                        sivt         00075
__Lspace_0                                     (abs)        00000
__Lspace_1                                     (abs)        00000
__Lspace_2                                     (abs)        00000
__Lspace_3                                     (abs)        00000
__Lspace_4                                     (abs)        00000
__Lstack                                       stack        00000
__Lstrings                                     strings      00000
__Lstringtext1                                 stringtext1  00000
__Lstringtext2                                 stringtext2  00000
__Lstringtext3                                 stringtext3  00000
__Lstringtext4                                 stringtext4  00000
__Lstringtext5                                 stringtext5  00000
__Ltext                                        text         00000
__S0                                           (abs)        01000
__S1                                           (abs)        000D8
__S3                                           (abs)        00000
___awdiv                                       text9        004B0
___awdiv@counter                               cstackBANK1  000C8
___awdiv@dividend                              cstackBANK0  0005C
___awdiv@divisor                               cstackBANK0  0005A
___awdiv@quotient                              cstackBANK1  000CA
___awdiv@sign                                  cstackBANK1  000C9
___awmod                                       text8        00576
___awmod@counter                               cstackBANK0  00058
___awmod@dividend                              cstackBANK0  00056
___awmod@divisor                               cstackBANK0  00054
___awmod@sign                                  cstackBANK0  00059
___heap_hi                                     (abs)        00000
___heap_lo                                     (abs)        00000
___int_sp                                      stack        00000
___int_stack_hi                                stack        00000
___int_stack_lo                                stack        00000
___latbits                                     (abs)        00001
___lldiv                                       text49       0051E
___lldiv@counter                               cstackCOMMON 0007C
___lldiv@dividend                              cstackCOMMON 00074
___lldiv@divisor                               cstackCOMMON 00070
___lldiv@quotient                              cstackCOMMON 00078
___lmul                                        text48       00765
___lmul@multiplicand                           cstackCOMMON 00074
___lmul@multiplier                             cstackCOMMON 00070
___lmul@product                                cstackCOMMON 00078
___lwdiv                                       text7        00689
___lwdiv@counter                               cstackBANK0  0005D
___lwdiv@dividend                              cstackBANK0  0005B
___lwdiv@divisor                               cstackBANK0  00059
___lwdiv@quotient                              cstackBANK0  0005E
___lwmod                                       text6        00732
___lwmod@counter                               cstackBANK0  00058
___lwmod@dividend                              cstackBANK0  00056
___lwmod@divisor                               cstackBANK0  00054
___sp                                          stack        00000
___stack_hi                                    stack        00000
___stack_lo                                    stack        00000
___stackhi                                     (abs)        00000
___stacklo                                     (abs)        00000
__end_of_ADC_GetConversion                     text51       00EF5
__end_of_ADC_Initialize                        text33       00D93
__end_of_CMP1_ISR                              text66       00D60
__end_of_CMP1_Initialize                       text32       00E18
__end_of_CMP2_ISR                              text65       00D63
__end_of_CMP2_Initialize                       text31       00E24
__end_of_Controle_Descer                       text42       00E32
__end_of_Controle_Parar                        text2        00E01
__end_of_Controle_Subir                        text41       00E40
__end_of_EUSART_DefaultErrorHandler            text63       00D67
__end_of_EUSART_DefaultFramingErrorHandler     text62       00D5B
__end_of_EUSART_DefaultOverrunErrorHandler     text61       00D6B
__end_of_EUSART_Initialize                     text25       0060A
__end_of_EUSART_Read                           text4        00F54
__end_of_EUSART_Receive_ISR                    text60       006FD
__end_of_EUSART_RxDataHandler                  text64       00EC6
__end_of_EUSART_SetErrorHandler                text30       00DA5
__end_of_EUSART_SetFramingErrorHandler         text29       00DAE
__end_of_EUSART_SetOverrunErrorHandler         text28       00DB7
__end_of_EUSART_SetRxInterruptHandler          text27       00DC0
__end_of_EUSART_SetTxInterruptHandler          text26       00DC9
__end_of_EUSART_Transmit_ISR                   text59       00F2F
__end_of_EUSART_Write                          text10       00FA5
__end_of_EUSART_is_rx_ready                    text40       00D9C
__end_of_Existe_Chamada_Abaixo                 text39       00FD2
__end_of_Existe_Chamada_Acima                  text38       00689
__end_of_FVR_Initialize                        text24       00D6F
__end_of_INTERRUPT_InterruptManager            intentry     00075
__end_of_IOCBF0_DefaultInterruptHandler        text58       00D5C
__end_of_IOCBF0_ISR                            text57       00E4F
__end_of_IOCBF0_SetInterruptHandler            text22       00D7E
__end_of_IOCBF3_DefaultInterruptHandler        text56       00D5D
__end_of_IOCBF3_ISR                            text55       00E5E
__end_of_IOCBF3_SetInterruptHandler            text21       00DD2
__end_of_LUT_Andar                             stringtext2  0081C
__end_of_LUT_dir                               stringtext1  0080C
__end_of_LUT_percurso                          stringtext4  0082C
__end_of_Limpar_Chamada_Atual                  text37       01000
__end_of_MAX7219_Write                         text36       00E9F
__end_of_MatrizInicializa                      text35       00732
__end_of_MatrizLed                             text34       004B0
__end_of_OSCILLATOR_Initialize                 text23       00D8B
__end_of_PIN_MANAGER_IOC                       text54       00E8D
__end_of_PIN_MANAGER_Initialize                text20       007CA
__end_of_PWM3_Initialize                       text19       00DDB
__end_of_PWM3_LoadDutyValue                    text43       00F11
__end_of_SENSORES_CalcularVelocidade           text46       00430
__end_of_SPI1_Initialize                       text18       00E0C
__end_of_SYSTEM_Initialize                     text11       00F7C
__end_of_TMR0_Initialize                       text17       00DF7
__end_of_TMR0_ReadTimer                        text50       00D78
__end_of_TMR2_DefaultInterruptHandler          text53       00003
__end_of_TMR2_ISR                              text52       00E6D
__end_of_TMR2_Initialize                       text15       00EB2
__end_of_TMR2_SetInterruptHandler              text16       00DE4
__end_of_TMR4_DefaultInterruptHandler          text47       00004
__end_of_TMR4_ISR                              text45       00E7C
__end_of_TMR4_Initialize                       text13       00EDA
__end_of_TMR4_SetInterruptHandler              text14       00DED
__end_of_UART_EnviaDados                       text5        0037E
__end_of_UART_RecebePedido                     text3        007F8
__end_of_Verificar_Sensores                    text1        0064A
__end_of_WDT_Initialize                        text12       00D73
__end_of___awdiv                               text9        0051E
__end_of___awmod                               text8        005C8
__end_of___lldiv                               text49       00576
__end_of___lmul                                text48       00798
__end_of___lwdiv                               text7        006C4
__end_of___lwmod                               text6        00765
__end_of__initialization                       cinit        00088
__end_of_main                                  maintext     00257
__end_of_matrix_conf                           stringtext3  00828
__end_of_spi1_configuration                    stringtext5  00830
__initialization                               cinit        00077
__pbssBANK0                                    bssBANK0     00020
__pbssBANK1                                    bssBANK1     000A0
__pbssCOMMON                                   bssCOMMON    0007D
__pcstackBANK0                                 cstackBANK0  00046
__pcstackBANK1                                 cstackBANK1  000C8
__pcstackCOMMON                                cstackCOMMON 00070
__pintentry                                    intentry     00004
__pmaintext                                    maintext     0008C
__pnvBANK0                                     nvBANK0      00060
__pnvBANK1                                     nvBANK1      000B8
__pstringtext1                                 stringtext1  007F8
__pstringtext2                                 stringtext2  0080C
__pstringtext3                                 stringtext3  0081C
__pstringtext4                                 stringtext4  00828
__pstringtext5                                 stringtext5  0082C
__ptext1                                       text1        0060A
__ptext10                                      text10       00F7C
__ptext11                                      text11       00F54
__ptext12                                      text12       00D6F
__ptext13                                      text13       00EC6
__ptext14                                      text14       00DE4
__ptext15                                      text15       00E9F
__ptext16                                      text16       00DDB
__ptext17                                      text17       00DED
__ptext18                                      text18       00E01
__ptext19                                      text19       00DD2
__ptext2                                       text2        00DF7
__ptext20                                      text20       00798
__ptext21                                      text21       00DC9
__ptext22                                      text22       00D78
__ptext23                                      text23       00D84
__ptext24                                      text24       00D6B
__ptext25                                      text25       005C8
__ptext26                                      text26       00DC0
__ptext27                                      text27       00DB7
__ptext28                                      text28       00DAE
__ptext29                                      text29       00DA5
__ptext3                                       text3        007CA
__ptext30                                      text30       00D9C
__ptext31                                      text31       00E18
__ptext32                                      text32       00E0C
__ptext33                                      text33       00D8B
__ptext34                                      text34       00430
__ptext35                                      text35       006FD
__ptext36                                      text36       00E8D
__ptext37                                      text37       00FD2
__ptext38                                      text38       0064A
__ptext39                                      text39       00FA5
__ptext4                                       text4        00F2F
__ptext40                                      text40       00D93
__ptext41                                      text41       00E32
__ptext42                                      text42       00E24
__ptext43                                      text43       00EF5
__ptext45                                      text45       00E6D
__ptext46                                      text46       0037E
__ptext47                                      text47       00003
__ptext48                                      text48       00765
__ptext49                                      text49       0051E
__ptext5                                       text5        00257
__ptext50                                      text50       00D73
__ptext51                                      text51       00EDA
__ptext52                                      text52       00E5E
__ptext53                                      text53       00002
__ptext54                                      text54       00E7C
__ptext55                                      text55       00E4F
__ptext56                                      text56       00D5C
__ptext57                                      text57       00E40
__ptext58                                      text58       00D5B
__ptext59                                      text59       00F11
__ptext6                                       text6        00732
__ptext60                                      text60       006C4
__ptext61                                      text61       00D67
__ptext62                                      text62       00D5A
__ptext63                                      text63       00D63
__ptext64                                      text64       00EB2
__ptext65                                      text65       00D60
__ptext66                                      text66       00D5D
__ptext7                                       text7        00689
__ptext8                                       text8        00576
__ptext9                                       text9        004B0
_andar_atual                                   bssBANK0     0003B
_andar_destino                                 bssBANK0     0003C
_buffer_destino                                bssBANK0     00044
_buffer_origem                                 bssBANK0     00045
_chamadas_descida                              bssBANK0     00024
_chamadas_subida                               bssBANK0     00028
_contador_espera                               bssBANK0     00032
_contador_telemetria                           bssBANK0     00030
_estado_atual                                  bssBANK0     0003A
_estado_motor                                  bssBANK0     00039
_eusartRxBuffer                                bssBANK1     000A8
_eusartRxCount                                 bssBANK0     0003E
_eusartRxHead                                  bssCOMMON    0007D
_eusartRxLastError                             bssBANK0     0003D
_eusartRxStatusBuffer                          bssBANK1     000A0
_eusartRxTail                                  bssBANK0     0003F
_eusartTxBuffer                                bssBANK1     000B0
_eusartTxBufferRemaining                       bssBANK0     00040
_eusartTxHead                                  bssBANK0     00042
_eusartTxTail                                  bssBANK0     00041
_main                                          maintext     0008C
_main$1421                                     cstackBANK1  000D1
_matrix_conf                                   stringtext3  0081C
_posicao_mm                                    bssBANK0     00038
_solicitacoes                                  bssBANK0     00020
_spi1_configuration                            stringtext5  0082C
_temperatura_ponte                             bssBANK0     0002E
_timer0ReloadVal                               bssBANK0     00043
_total_pulsos                                  bssBANK0     0002C
_ultimo_valor_timer0                           bssBANK0     00036
_velocidade_atual                              bssBANK0     00037
btemp                                          (abs)        0007E
btemp0                                         (abs)        0007E
btemp1                                         (abs)        0007F
clear_ram0                                     clrtext      00D7E
end_of_initialization                          cinit        00088
int$flags                                      (abs)        0007E
intlevel0                                      functab      00000
intlevel1                                      functab      00000
intlevel2                                      functab      00000
intlevel3                                      functab      00000
intlevel4                                      functab      00000
intlevel5                                      functab      00000
ltemp0a                                        (abs)        00080
main@destino                                   cstackBANK1  000D6
main@i                                         cstackBANK1  000D2
main@origem                                    cstackBANK1  000D4
reset_vec                                      reset_vec    00000
start                                          init         00075
start_initialization                           cinit        00077
ttemp0a                                        (abs)        0007F
wtemp0                                         (abs)        0007E
wtemp0a                                        (abs)        0007F


MODULE INFORMATION

Module		Function		Class		Link	Load	Size
mcc_generated_files/cmp1.c
		_CMP1_ISR      		CODE           	0D5D	0000	3
		_CMP1_Initialize		CODE           	0E0C	0000	12

mcc_generated_files/cmp1.c estimated size: 15

C:\Program Files\Microchip\xc8\v3.10\pic\sources\c99\common\lwmod.c
		___lwmod       		CODE           	0732	0000	51

C:\Program Files\Microchip\xc8\v3.10\pic\sources\c99\common\lwmod.c estimated size: 51

C:\Program Files\Microchip\xc8\v3.10\pic\sources\c99\common\awmod.c
		___awmod       		CODE           	0576	0000	82

C:\Program Files\Microchip\xc8\v3.10\pic\sources\c99\common\awmod.c estimated size: 82

mcc_generated_files/fvr.c
		_FVR_Initialize		CODE           	0D6B	0000	4

mcc_generated_files/fvr.c estimated size: 4

mcc_generated_files/tmr4.c
		_TMR4_ISR      		CODE           	0E6D	0000	15
		_TMR4_Initialize		CODE           	0EC6	0000	20
		_TMR4_SetInterruptHandler		CODE           	0DE4	0000	9
		_TMR4_DefaultInterruptHandler		CODE           	0003	0000	1

mcc_generated_files/tmr4.c estimated size: 45

mcc_generated_files/tmr2.c
		_TMR2_ISR      		CODE           	0E5E	0000	15
		_TMR2_Initialize		CODE           	0E9F	0000	19
		_TMR2_SetInterruptHandler		CODE           	0DDB	0000	9
		_TMR2_DefaultInterruptHandler		CODE           	0002	0000	1

mcc_generated_files/tmr2.c estimated size: 44

mcc_generated_files/interrupt_manager.c
		_INTERRUPT_InterruptManager		CODE           	0004	0000	113

mcc_generated_files/interrupt_manager.c estimated size: 113

mcc_generated_files/tmr0.c
		_TMR0_ReadTimer		CODE           	0D73	0000	5
		_TMR0_Initialize		CODE           	0DED	0000	10

mcc_generated_files/tmr0.c estimated size: 15

C:\Program Files\Microchip\xc8\v3.10\pic\sources\c99\common\Umul32.c
		___lmul        		CODE           	0765	0000	51

C:\Program Files\Microchip\xc8\v3.10\pic\sources\c99\common\Umul32.c estimated size: 51

mcc_generated_files/pin_manager.c
		_IOCBF3_DefaultInterruptHandler		CODE           	0D5C	0000	1
		_IOCBF0_ISR    		CODE           	0E40	0000	15
		_PIN_MANAGER_Initialize		CODE           	0798	0000	50
		_IOCBF3_ISR    		CODE           	0E4F	0000	15
		_IOCBF0_SetInterruptHandler		CODE           	0D78	0000	6
		_IOCBF3_SetInterruptHandler		CODE           	0DC9	0000	9
		_PIN_MANAGER_IOC		CODE           	0E7C	0000	17
		_IOCBF0_DefaultInterruptHandler		CODE           	0D5B	0000	1

mcc_generated_files/pin_manager.c estimated size: 114

mcc_generated_files/spi1.c
		_SPI1_Initialize		CODE           	0E01	0000	11

mcc_generated_files/spi1.c estimated size: 11

mcc_generated_files/adc.c
		_ADC_Initialize		CODE           	0D8B	0000	8
		_ADC_GetConversion		CODE           	0EDA	0000	27

mcc_generated_files/adc.c estimated size: 35

C:\Program Files\Microchip\xc8\v3.10\pic\sources\c99\common\lwdiv.c
		___lwdiv       		CODE           	0689	0000	59

C:\Program Files\Microchip\xc8\v3.10\pic\sources\c99\common\lwdiv.c estimated size: 59

C:\Program Files\Microchip\xc8\v3.10\pic\sources\c99\common\awdiv.c
		___awdiv       		CODE           	04B0	0000	110

C:\Program Files\Microchip\xc8\v3.10\pic\sources\c99\common\awdiv.c estimated size: 110

mcc_generated_files/cmp2.c
		_CMP2_ISR      		CODE           	0D60	0000	3
		_CMP2_Initialize		CODE           	0E18	0000	12

mcc_generated_files/cmp2.c estimated size: 15

motor.c
		_Existe_Chamada_Acima		CODE           	064A	0000	63
		_Controle_Parar		CODE           	0DF7	0000	10
		_Controle_Subir		CODE           	0E32	0000	14
		_SENSORES_CalcularVelocidade		CODE           	037E	0000	178
		_Controle_Descer		CODE           	0E24	0000	14
		_Verificar_Sensores		CODE           	060A	0000	64
		_Existe_Chamada_Abaixo		CODE           	0FA5	0000	45
		_Limpar_Chamada_Atual		CODE           	0FD2	0000	46

motor.c estimated size: 434

shared
		_LUT_percurso  		STRCODE        	0828	0000	4
		_LUT_dir       		STRCODE        	07F8	0000	20
		_LUT_Andar     		STRCODE        	080C	0000	16
		__initialization		CODE           	0077	0000	17
		_matrix_conf   		STRCODE        	081C	0000	12
		_spi1_configuration		STRCODE        	082C	0000	4

shared estimated size: 73

mcc_generated_files/mcc.c
		_WDT_Initialize		CODE           	0D6F	0000	4
		_OSCILLATOR_Initialize		CODE           	0D84	0000	7
		_SYSTEM_Initialize		CODE           	0F54	0000	40

mcc_generated_files/mcc.c estimated size: 51

mcc_generated_files/pwm3.c
		_PWM3_Initialize		CODE           	0DD2	0000	9
		_PWM3_LoadDutyValue		CODE           	0EF5	0000	28

mcc_generated_files/pwm3.c estimated size: 37

C:\Program Files\Microchip\xc8\v3.10\pic\sources\c99\common\__lldiv.c
		___lldiv       		CODE           	051E	0000	88

C:\Program Files\Microchip\xc8\v3.10\pic\sources\c99\common\__lldiv.c estimated size: 88

mcc_generated_files/eusart.c
		_EUSART_SetRxInterruptHandler		CODE           	0DB7	0000	9
		_EUSART_SetTxInterruptHandler		CODE           	0DC0	0000	9
		_EUSART_Read   		CODE           	0F2F	0000	37
		_EUSART_DefaultOverrunErrorHandler		CODE           	0D67	0000	4
		_EUSART_Write  		CODE           	0F7C	0000	41
		_EUSART_DefaultErrorHandler		CODE           	0D63	0000	4
		_EUSART_Transmit_ISR		CODE           	0F11	0000	30
		_EUSART_Initialize		CODE           	05C8	0000	66
		_EUSART_SetFramingErrorHandler		CODE           	0DA5	0000	9
		_EUSART_SetErrorHandler		CODE           	0D9C	0000	9
		_EUSART_SetOverrunErrorHandler		CODE           	0DAE	0000	9
		_EUSART_Receive_ISR		CODE           	06C4	0000	57
		_EUSART_RxDataHandler		CODE           	0EB2	0000	20
		_EUSART_DefaultFramingErrorHandler		CODE           	0D5A	0000	1
		_EUSART_is_rx_ready		CODE           	0D93	0000	9

mcc_generated_files/eusart.c estimated size: 314

main.c
		_main          		CODE           	008C	0000	459

main.c estimated size: 459

comm.c
		_MatrizLed     		CODE           	0430	0000	128
		_MatrizInicializa		CODE           	06FD	0000	53
		_UART_RecebePedido		CODE           	07CA	0000	46
		_UART_EnviaDados		CODE           	0257	0000	295
		_MAX7219_Write 		CODE           	0E8D	0000	18

comm.c estimated size: 540

