Microchip MPLAB XC8 Compiler V3.10

Linker command line:

-W-3 \
  --edf=C:\Program Files\Microchip\xc8\v3.10\pic\dat\20250813170317_en.msgs \
  -cn -h+dist/default/debug\Trabalho_final.X.debug.sym \
  --cmf=dist/default/debug\Trabalho_final.X.debug.cmf -z -Q16F1827 \
  -oC:\Users\ferna\AppData\Local\Temp\xcAsh34.0\driver_tmp_3.o \
  --defsym=__MPLAB_BUILD=1 --fixupoverflow=error \
  -Mdist/default/debug/Trabalho_final.X.debug.map \
  --md=C:\Users\ferna\AppData\Local\Temp\xcAsh34.0\driver_tmp_0.dat -E1 \
  -ver=XC8 Compiler -ACODE=00h-07FFhx2 -ASTRCODE=00h-0FFFh \
  -ASTRING=00h-0FFhx16 -ACONST=00h-0FFhx16 -AENTRY=00h-0FFhx16 \
  -ACOMMON=070h-07Fh -ABANK0=020h-06Fh -ABANK1=0A0h-0EFh \
  -ABANK2=0120h-016Fh -ABANK3=01A0h-01EFh -ABANK4=0220h-024Fh \
  -ABIGRAM=02000h-0216Fh \
  -ARAM=020h-06Fh,0A0h-0EFh,0120h-016Fh,01A0h-01EFh,0220h-024Fh \
  -AABS1=020h-07Fh,0A0h-0EFh,0120h-016Fh,01A0h-01EFh,0220h-024Fh \
  -ASFR0=00h-01Fh -ASFR1=080h-09Fh -ASFR2=0100h-011Fh -ASFR3=0180h-019Fh \
  -ASFR4=0200h-021Fh -ASFR5=0280h-02EFh -ASFR6=0300h-036Fh \
  -ASFR7=0380h-03EFh -ASFR8=0400h-046Fh -ASFR9=0480h-04EFh \
  -ASFR10=0500h-056Fh -ASFR11=0580h-05EFh -ASFR12=0600h-066Fh \
  -ASFR13=0680h-06EFh -ASFR14=0700h-076Fh -ASFR15=0780h-07EFh \
  -ASFR16=0800h-086Fh -ASFR17=0880h-08EFh -ASFR18=0900h-096Fh \
  -ASFR19=0980h-09EFh -ASFR20=0A00h-0A6Fh -ASFR21=0A80h-0AEFh \
  -ASFR22=0B00h-0B6Fh -ASFR23=0B80h-0BEFh -ASFR24=0C00h-0C6Fh \
  -ASFR25=0C80h-0CEFh -ASFR26=0D00h-0D6Fh -ASFR27=0D80h-0DEFh \
  -ASFR28=0E00h-0E6Fh -ASFR29=0E80h-0EEFh -ASFR30=0F00h-0F6Fh \
  -ASFR31=0F80h-0FEFh -ACONFIG=08007h-08008h -DCONFIG=2 \
  -AIDLOC=08000h-08003h -DIDLOC=2 -AEEDATA=00h-0FFh/0F000h \
  -peeprom_data=EEDATA -DEEDATA=2 -DCODE=2 -DSTRCODE=2 -DSTRING=2 -DCONST=2 \
  -DENTRY=2 -preset_vec=00h,intentry=04h,sivt,init,end_init -ppowerup=CODE \
  -pcinit=CODE -pfunctab=ENTRY -k \
  C:\Users\ferna\AppData\Local\Temp\xcAsh34.0\driver_tmp_15.o \
  dist/default/debug\Trabalho_final.X.debug.o 

Object code version is 3.11

Machine type is 16F1827



                Name                               Link     Load   Length Selector   Space Scale
C:\Users\ferna\AppData\Local\Temp\xcAsh34.0\driver_tmp_15.o
                end_init                             75       75        2        8       0
                reset_vec                             0        0        2        0       0
                config                             8007     8007        2        0       4
dist/default/debug\Trabalho_final.X.debug.o
                cinit                                77       77       15        8       0
                intentry                              4        4       71        8       0
                config                             8007     8007        2        0       4
                text57                              F29      F29        3     1E52       0
                text56                              F2C      F2C        3     1E58       0
                text55                              792      792       14        8       0
                text54                              F2F      F2F        4     1E5E       0
                text53                              F26      F26        1     1E4C       0
                text52                              F33      F33        4     1E66       0
                text51                              609      609       39        8       0
                text50                              744      744       1E        8       0
                text49                              F27      F27        1     1E4E       0
                text48                              7E8      7E8        F        8       0
                text47                              F28      F28        1     1E50       0
                text46                              7D9      7D9        F        8       0
                text45                              7B9      7B9       11        8       0
                text44                                2        2        1        0       0
                text43                              FD6      FD6        E     1FAC       0
                text42                              F3F      F3F        5     1E7E       0
                text41                              4DD      4DD       58        8       0
                text40                              642      642       33        8       0
                text39                                3        3        1        6       0
                text38                              3D8      3D8       A9        8       0
                text37                              7CA      7CA        F        8       0
                text35                              326      326       B2        8       0
                text34                              762      762       1C        8       0
                text33                              FE4      FE4        E     1FC8       0
                text32                              FF2      FF2        E     1FE4       0
                text31                              F6B      F6B        9     1ED6       0
                text30                              F63      F63        8     1EC6       0
                text29                              FBE      FBE        C     1F7C       0
                text28                              FCA      FCA        C     1F94       0
                text27                              F74      F74        9     1EE8       0
                text26                              F7D      F7D        9     1EFA       0
                text25                              F86      F86        9     1F0C       0
                text24                              F8F      F8F        9     1F1E       0
                text23                              F98      F98        9     1F30       0
                text22                              587      587       42        8       0
                text21                              F37      F37        4     1E6E       0
                text20                              F5C      F5C        7     1EB8       0
                text19                              F44      F44        6     1E88       0
                text18                              F4A      F4A        6     1E94       0
                text17                              675      675       30        8       0
                text16                              FA1      FA1        9     1F42       0
                text15                              FAA      FAA        A     1F54       0
                text14                              F50      F50        6     1EA0       0
                text13                              7A6      7A6       13        8       0
                text12                              7F7      7F7        9        8       0
                text11                              77E      77E       14        8       0
                text10                              F3B      F3B        4     1E76       0
                text9                               71F      71F       25        8       0
                text8                               6D3      6D3       27        8       0
                text7                               481      481       5C        8       0
                text6                               535      535       52        8       0
                text5                               1DA      1DA      14C        8       0
                text4                               6FA      6FA       25        8       0
                text3                               6A5      6A5       2E        8       0
                text2                               FB4      FB4        A     1F68       0
                text1                               5C9      5C9       40        8       0
                maintext                             8C       8C      14E        8       0
                cstackBANK0                          20       20       1F       20       1
                cstackCOMMON                         70       70        D       70       1
                cstackBANK1                          B8       B8        E       A0       1
                clrtext                             F56      F56        6     1EAC       0
                bssBANK1                             A0       A0       18       A0       1
                bssBANK0                             3F       3F       1D       20       1
                bssCOMMON                            7D       7D        1       70       1
                nvBANK1                              C6       C6        C       A0       1
                nvBANK0                              5C       5C        6       20       1

TOTAL           Name                               Link     Load   Length     Space
        CLASS   CODE           
                end_init                             75       75        2         0
                cinit                                77       77       15         0
                intentry                              4        4       71         0
                reset_vec                             0        0        2         0
                text57                              F29      F29        3         0
                text56                              F2C      F2C        3         0
                text55                              792      792       14         0
                text54                              F2F      F2F        4         0
                text53                              F26      F26        1         0
                text52                              F33      F33        4         0
                text51                              609      609       39         0
                text50                              744      744       1E         0
                text49                              F27      F27        1         0
                text48                              7E8      7E8        F         0
                text47                              F28      F28        1         0
                text46                              7D9      7D9        F         0
                text45                              7B9      7B9       11         0
                text44                                2        2        1         0
                text43                              FD6      FD6        E         0
                text42                              F3F      F3F        5         0
                text41                              4DD      4DD       58         0
                text40                              642      642       33         0
                text39                                3        3        1         0
                text38                              3D8      3D8       A9         0
                text37                              7CA      7CA        F         0
                text35                              326      326       B2         0
                text34                              762      762       1C         0
                text33                              FE4      FE4        E         0
                text32                              FF2      FF2        E         0
                text31                              F6B      F6B        9         0
                text30                              F63      F63        8         0
                text29                              FBE      FBE        C         0
                text28                              FCA      FCA        C         0
                text27                              F74      F74        9         0
                text26                              F7D      F7D        9         0
                text25                              F86      F86        9         0
                text24                              F8F      F8F        9         0
                text23                              F98      F98        9         0
                text22                              587      587       42         0
                text21                              F37      F37        4         0
                text20                              F5C      F5C        7         0
                text19                              F44      F44        6         0
                text18                              F4A      F4A        6         0
                text17                              675      675       30         0
                text16                              FA1      FA1        9         0
                text15                              FAA      FAA        A         0
                text14                              F50      F50        6         0
                text13                              7A6      7A6       13         0
                text12                              7F7      7F7        9         0
                text11                              77E      77E       14         0
                text10                              F3B      F3B        4         0
                text9                               71F      71F       25         0
                text8                               6D3      6D3       27         0
                text7                               481      481       5C         0
                text6                               535      535       52         0
                text5                               1DA      1DA      14C         0
                text4                               6FA      6FA       25         0
                text3                               6A5      6A5       2E         0
                text2                               FB4      FB4        A         0
                text1                               5C9      5C9       40         0
                maintext                             8C       8C      14E         0
                clrtext                             F56      F56        6         0

        CLASS   STRCODE        

        CLASS   STRING         

        CLASS   CONST          

        CLASS   ENTRY          

        CLASS   COMMON         
                cstackCOMMON                         70       70        D         1
                bssCOMMON                            7D       7D        1         1

        CLASS   BANK0          
                cstackBANK0                          20       20       1F         1
                bssBANK0                             3F       3F       1D         1
                nvBANK0                              5C       5C        6         1

        CLASS   BANK1          
                cstackBANK1                          B8       B8        E         1
                bssBANK1                             A0       A0       18         1
                nvBANK1                              C6       C6        C         1

        CLASS   BANK2          

        CLASS   BANK3          

        CLASS   BANK4          

        CLASS   BIGRAM         

        CLASS   RAM            

        CLASS   ABS1           
                abs_s1                               7E       7E        2         1

        CLASS   SFR0           

        CLASS   SFR1           

        CLASS   SFR2           

        CLASS   SFR3           

        CLASS   SFR4           

        CLASS   SFR5           

        CLASS   SFR6           

        CLASS   SFR7           

        CLASS   SFR8           

        CLASS   SFR9           

        CLASS   SFR10          

        CLASS   SFR11          

        CLASS   SFR12          

        CLASS   SFR13          

        CLASS   SFR14          

        CLASS   SFR15          

        CLASS   SFR16          

        CLASS   SFR17          

        CLASS   SFR18          

        CLASS   SFR19          

        CLASS   SFR20          

        CLASS   SFR21          

        CLASS   SFR22          

        CLASS   SFR23          

        CLASS   SFR24          

        CLASS   SFR25          

        CLASS   SFR26          

        CLASS   SFR27          

        CLASS   SFR28          

        CLASS   SFR29          

        CLASS   SFR30          

        CLASS   SFR31          

        CLASS   CONFIG         
                config                             8007     8007        2         4

        CLASS   IDLOC          

        CLASS   EEDATA         

        CLASS   BANK31         

        CLASS   BANK30         

        CLASS   BANK29         

        CLASS   BANK28         

        CLASS   BANK27         

        CLASS   BANK26         

        CLASS   BANK25         

        CLASS   BANK24         

        CLASS   BANK23         

        CLASS   BANK22         

        CLASS   BANK21         

        CLASS   BANK20         

        CLASS   BANK19         

        CLASS   BANK18         

        CLASS   BANK17         

        CLASS   BANK16         

        CLASS   BANK15         

        CLASS   BANK14         

        CLASS   BANK13         

        CLASS   BANK12         

        CLASS   BANK11         

        CLASS   BANK10         

        CLASS   BANK9          

        CLASS   BANK8          

        CLASS   BANK7          

        CLASS   BANK6          

        CLASS   BANK5          

        CLASS   HEAP           

        CLASS   STACK          



SEGMENTS        Name                           Load    Length   Top    Selector   Space  Class     Delta

                reset_vec                      000000  000003  000003         0       0  CODE        2
                text39                         000003  000001  000004         6       0  CODE        2
                intentry                       000004  0007FC  000800         8       0  CODE        2
                cstackBANK0                    000020  000042  000062        20       1  BANK0       1
                cstackCOMMON                   000070  00000E  00007E        70       1  COMMON      1
                bssBANK1                       0000A0  000032  0000D2        A0       1  BANK1       1
                text53                         000F26  000001  000F27      1E4C       0  CODE        2
                text49                         000F27  000001  000F28      1E4E       0  CODE        2
                text47                         000F28  000001  000F29      1E50       0  CODE        2
                text57                         000F29  000003  000F2C      1E52       0  CODE        2
                text56                         000F2C  000003  000F2F      1E58       0  CODE        2
                text54                         000F2F  000004  000F33      1E5E       0  CODE        2
                text52                         000F33  000004  000F37      1E66       0  CODE        2
                text21                         000F37  000004  000F3B      1E6E       0  CODE        2
                text10                         000F3B  000004  000F3F      1E76       0  CODE        2
                text42                         000F3F  000005  000F44      1E7E       0  CODE        2
                text19                         000F44  000006  000F4A      1E88       0  CODE        2
                text18                         000F4A  000006  000F50      1E94       0  CODE        2
                text14                         000F50  000006  000F56      1EA0       0  CODE        2
                clrtext                        000F56  000006  000F5C      1EAC       0  CODE        2
                text20                         000F5C  000007  000F63      1EB8       0  CODE        2
                text30                         000F63  000008  000F6B      1EC6       0  CODE        2
                text31                         000F6B  000009  000F74      1ED6       0  CODE        2
                text27                         000F74  000009  000F7D      1EE8       0  CODE        2
                text26                         000F7D  000009  000F86      1EFA       0  CODE        2
                text25                         000F86  000009  000F8F      1F0C       0  CODE        2
                text24                         000F8F  000009  000F98      1F1E       0  CODE        2
                text23                         000F98  000009  000FA1      1F30       0  CODE        2
                text16                         000FA1  000009  000FAA      1F42       0  CODE        2
                text15                         000FAA  00000A  000FB4      1F54       0  CODE        2
                text2                          000FB4  00000A  000FBE      1F68       0  CODE        2
                text29                         000FBE  00000C  000FCA      1F7C       0  CODE        2
                text28                         000FCA  00000C  000FD6      1F94       0  CODE        2
                text43                         000FD6  00000E  000FE4      1FAC       0  CODE        2
                text33                         000FE4  00000E  000FF2      1FC8       0  CODE        2
                text32                         000FF2  00000E  001000      1FE4       0  CODE        2


UNUSED ADDRESS RANGES

        Name                Unused          Largest block    Delta
        BANK0            00062-0006F               E           1
        BANK1            000D2-000EF              1E           1
        BANK2            00120-0016F              50           1
        BANK3            001A0-001EF              50           1
        BANK4            00220-0024F              30           1
        BIGRAM           02000-0216F             170           1
        CODE             00800-00F25             726           2
        CONST            00800-00F25             100           2
        EEDATA           0F000-0F0FF             100           2
        ENTRY            00800-00F25             100           2
        IDLOC            08000-08003               4           2
        RAM              00062-0006F               E           1
                         000D2-000EF              1E
                         00120-0016F              50
                         001A0-001EF              50
                         00220-0024F              30
        SFR0             00000-0001F              20           1
        SFR1             00080-0009F              20           1
        SFR10            00500-0056F              70           1
        SFR11            00580-005EF              70           1
        SFR12            00600-0066F              70           1
        SFR13            00680-006EF              70           1
        SFR14            00700-0076F              70           1
        SFR15            00780-007EF              70           1
        SFR16            00800-0086F              70           1
        SFR17            00880-008EF              70           1
        SFR18            00900-0096F              70           1
        SFR19            00980-009EF              70           1
        SFR2             00100-0011F              20           1
        SFR20            00A00-00A6F              70           1
        SFR21            00A80-00AEF              70           1
        SFR22            00B00-00B6F              70           1
        SFR23            00B80-00BEF              70           1
        SFR24            00C00-00C6F              70           1
        SFR25            00C80-00CEF              70           1
        SFR26            00D00-00D6F              70           1
        SFR27            00D80-00DEF              70           1
        SFR28            00E00-00E6F              70           1
        SFR29            00E80-00EEF              70           1
        SFR3             00180-0019F              20           1
        SFR30            00F00-00F6F              70           1
        SFR31            00F80-00FEF              70           1
        SFR4             00200-0021F              20           1
        SFR5             00280-002EF              70           1
        SFR6             00300-0036F              70           1
        SFR7             00380-003EF              70           1
        SFR8             00400-0046F              70           1
        SFR9             00480-004EF              70           1
        STRCODE          00800-00F25             726           2
        STRING           00800-00F25             100           2

                                  Symbol Table

?_Buscar_Proxima_Parada                        cstackBANK0  0002E
?_UART_RecebePedido                            cstackBANK0  0002F
?___awdiv                                      cstackBANK0  00034
?___awmod                                      cstackBANK0  0002E
?___lldiv                                      cstackCOMMON 00070
?___lmul                                       cstackCOMMON 00070
Buscar_Proxima_Parada@i                        cstackBANK0  00031
Buscar_Proxima_Parada@i_1322                   cstackBANK0  00033
Buscar_Proxima_Parada@i_1323                   cstackBANK0  00035
Buscar_Proxima_Parada@i_1324                   cstackBANK0  00037
EUSART_Read@readValue                          cstackBANK0  0002E
EUSART_SetErrorHandler@interruptHandler        cstackBANK0  0002E
EUSART_SetFramingErrorHandler@interruptHandler cstackBANK0  0002E
EUSART_SetOverrunErrorHandler@interruptHandler cstackBANK0  0002E
EUSART_SetRxInterruptHandler@interruptHandler  cstackBANK0  0002E
EUSART_SetTxInterruptHandler@interruptHandler  cstackBANK0  0002E
EUSART_Write@txData                            cstackBANK0  0003C
IOCBF0_SetInterruptHandler@InterruptHandler    cstackBANK0  0002E
IOCBF3_SetInterruptHandler@InterruptHandler    cstackBANK0  0002E
PWM3_LoadDutyValue@dutyValue                   cstackBANK0  0002E
SENSORES_CalcularVelocidade@calculo_posicao    cstackBANK0  00024
SENSORES_CalcularVelocidade@calculo_velocidade cstackBANK0  00028
SENSORES_CalcularVelocidade@delta              cstackBANK0  0002D
SENSORES_CalcularVelocidade@valor_atual        cstackBANK0  0002C
TMR0_ReadTimer@readVal                         cstackCOMMON 00070
TMR2_SetInterruptHandler@InterruptHandler      cstackBANK0  0002E
TMR4_SetInterruptHandler@InterruptHandler      cstackBANK0  0002E
UART_RecebePedido@DestinoPedido                cstackBANK0  00030
UART_RecebePedido@OrigemPedido                 cstackBANK0  0002F
_ADCON0                                        (abs)        0009D
_ADCON0bits                                    (abs)        0009D
_ADCON1                                        (abs)        0009E
_ADC_Initialize                                text30       00F63
_ADRESH                                        (abs)        0009C
_ADRESL                                        (abs)        0009B
_ANSELA                                        (abs)        0018C
_ANSELB                                        (abs)        0018D
_APFCON0                                       (abs)        0011D
_APFCON1                                       (abs)        0011E
_BAUDCON                                       (abs)        0019F
_BORCON                                        (abs)        00116
_Buscar_Proxima_Parada                         text35       00326
_CCP3CON                                       (abs)        00313
_CCPR3H                                        (abs)        00312
_CCPR3L                                        (abs)        00311
_CCPTMRS0bits                                  (abs)        0029E
_CM1CON0                                       (abs)        00111
_CM1CON0bits                                   (abs)        00111
_CM1CON1                                       (abs)        00112
_CM2CON0                                       (abs)        00113
_CM2CON0bits                                   (abs)        00113
_CM2CON1                                       (abs)        00114
_CMOUTbits                                     (abs)        00115
_CMP1_ISR                                      text57       00F29
_CMP1_Initialize                               text29       00FBE
_CMP2_ISR                                      text56       00F2C
_CMP2_Initialize                               text28       00FCA
_Controle_Descer                               text33       00FE4
_Controle_Parar                                text2        00FB4
_Controle_Subir                                text32       00FF2
_EUSART_DefaultErrorHandler                    text54       00F2F
_EUSART_DefaultFramingErrorHandler             text53       00F26
_EUSART_DefaultOverrunErrorHandler             text52       00F33
_EUSART_ErrorHandler                           nvBANK1      000C6
_EUSART_FramingErrorHandler                    nvBANK1      000CA
_EUSART_Initialize                             text22       00587
_EUSART_OverrunErrorHandler                    nvBANK1      000C8
_EUSART_Read                                   text4        006FA
_EUSART_Receive_ISR                            text51       00609
_EUSART_RxDataHandler                          text55       00792
_EUSART_RxDefaultInterruptHandler              nvBANK1      000CE
_EUSART_SetErrorHandler                        text27       00F74
_EUSART_SetFramingErrorHandler                 text26       00F7D
_EUSART_SetOverrunErrorHandler                 text25       00F86
_EUSART_SetRxInterruptHandler                  text24       00F8F
_EUSART_SetTxInterruptHandler                  text23       00F98
_EUSART_Transmit_ISR                           text50       00744
_EUSART_TxDefaultInterruptHandler              nvBANK1      000D0
_EUSART_Write                                  text8        006D3
_EUSART_is_rx_ready                            text31       00F6B
_FVRCON                                        (abs)        00117
_FVRCONbits                                    (abs)        00117
_FVR_Initialize                                text21       00F37
_INTCONbits                                    (abs)        0000B
_INTERRUPT_InterruptManager                    intentry     00004
_IOCBF0_DefaultInterruptHandler                text49       00F27
_IOCBF0_ISR                                    text48       007E8
_IOCBF0_InterruptHandler                       nvBANK0      00060
_IOCBF0_SetInterruptHandler                    text19       00F44
_IOCBF3_DefaultInterruptHandler                text47       00F28
_IOCBF3_ISR                                    text46       007D9
_IOCBF3_InterruptHandler                       nvBANK0      0005E
_IOCBF3_SetInterruptHandler                    text18       00F4A
_IOCBFbits                                     (abs)        00396
_IOCBNbits                                     (abs)        00395
_IOCBPbits                                     (abs)        00394
_LATA                                          (abs)        0010C
_LATAbits                                      (abs)        0010C
_LATB                                          (abs)        0010D
_OPTION_REG                                    (abs)        00095
_OPTION_REGbits                                (abs)        00095
_OSCCON                                        (abs)        00099
_OSCILLATOR_Initialize                         text20       00F5C
_OSCTUNE                                       (abs)        00098
_PIE1bits                                      (abs)        00091
_PIE2bits                                      (abs)        00092
_PIE3bits                                      (abs)        00093
_PIN_MANAGER_IOC                               text45       007B9
_PIN_MANAGER_Initialize                        text17       00675
_PIR1bits                                      (abs)        00011
_PIR2bits                                      (abs)        00012
_PIR3bits                                      (abs)        00013
_PORTBbits                                     (abs)        0000D
_PR2                                           (abs)        0001B
_PR4                                           (abs)        00416
_PWM3_Initialize                               text16       00FA1
_PWM3_LoadDutyValue                            text34       00762
_RCREG                                         (abs)        00199
_RCSTA                                         (abs)        0019D
_RCSTAbits                                     (abs)        0019D
_SENSORES_CalcularVelocidade                   text38       003D8
_SPBRGH                                        (abs)        0019C
_SPBRGL                                        (abs)        0019B
_SYSTEM_Initialize                             text9        0071F
_T2CON                                         (abs)        0001C
_T2CONbits                                     (abs)        0001C
_T4CON                                         (abs)        00417
_T4CONbits                                     (abs)        00417
_TMR0                                          (abs)        00015
_TMR0_Initialize                               text15       00FAA
_TMR0_ReadTimer                                text42       00F3F
_TMR2                                          (abs)        0001A
_TMR2_DefaultInterruptHandler                  text44       00002
_TMR2_ISR                                      text43       00FD6
_TMR2_Initialize                               text13       007A6
_TMR2_InterruptHandler                         nvBANK0      0005C
_TMR2_SetInterruptHandler                      text14       00F50
_TMR4                                          (abs)        00415
_TMR4_DefaultInterruptHandler                  text39       00003
_TMR4_ISR                                      text37       007CA
_TMR4_Initialize                               text11       0077E
_TMR4_InterruptHandler                         nvBANK1      000CC
_TMR4_SetInterruptHandler                      text12       007F7
_TRISA                                         (abs)        0008C
_TRISB                                         (abs)        0008D
_TXREG                                         (abs)        0019A
_TXSTA                                         (abs)        0019E
_TXSTAbits                                     (abs)        0019E
_UART_EnviaDados                               text5        001DA
_UART_EnviaDados$2072                          cstackBANK1  000B8
_UART_RecebePedido                             text3        006A5
_Verificar_Sensores                            text1        005C9
_WDTCON                                        (abs)        00097
_WDT_Initialize                                text10       00F3B
_WPUA                                          (abs)        0020C
_WPUB                                          (abs)        0020D
__H__absolute__                                __absolute__ 00000
__Habs1                                        abs1         00000
__Hbank0                                       bank0        00000
__Hbank1                                       bank1        00000
__Hbank10                                      bank10       00000
__Hbank11                                      bank11       00000
__Hbank12                                      bank12       00000
__Hbank13                                      bank13       00000
__Hbank14                                      bank14       00000
__Hbank15                                      bank15       00000
__Hbank16                                      bank16       00000
__Hbank17                                      bank17       00000
__Hbank18                                      bank18       00000
__Hbank19                                      bank19       00000
__Hbank2                                       bank2        00000
__Hbank20                                      bank20       00000
__Hbank21                                      bank21       00000
__Hbank22                                      bank22       00000
__Hbank23                                      bank23       00000
__Hbank24                                      bank24       00000
__Hbank25                                      bank25       00000
__Hbank26                                      bank26       00000
__Hbank27                                      bank27       00000
__Hbank28                                      bank28       00000
__Hbank29                                      bank29       00000
__Hbank3                                       bank3        00000
__Hbank30                                      bank30       00000
__Hbank31                                      bank31       00000
__Hbank4                                       bank4        00000
__Hbank5                                       bank5        00000
__Hbank6                                       bank6        00000
__Hbank7                                       bank7        00000
__Hbank8                                       bank8        00000
__Hbank9                                       bank9        00000
__Hbigram                                      bigram       00000
__HbssBANK0                                    bssBANK0     00000
__HbssBANK1                                    bssBANK1     00000
__HbssCOMMON                                   bssCOMMON    00000
__Hcinit                                       cinit        0008C
__Hclrtext                                     clrtext      00000
__Hcode                                        code         00000
__Hcommon                                      common       00000
__Hconfig                                      config       08009
__HcstackBANK0                                 cstackBANK0  00000
__HcstackBANK1                                 cstackBANK1  00000
__HcstackCOMMON                                cstackCOMMON 00000
__Heeprom_data                                 eeprom_data  00000
__Hend_init                                    end_init     00077
__Hfunctab                                     functab      00000
__Hheap                                        heap         00000
__Hinit                                        init         00075
__Hintentry                                    intentry     00075
__Hmaintext                                    maintext     00000
__HnvBANK0                                     nvBANK0      00000
__HnvBANK1                                     nvBANK1      00000
__Hpowerup                                     powerup      00000
__Hram                                         ram          00000
__Hreset_vec                                   reset_vec    00002
__Hsfr0                                        sfr0         00000
__Hsfr1                                        sfr1         00000
__Hsfr10                                       sfr10        00000
__Hsfr11                                       sfr11        00000
__Hsfr12                                       sfr12        00000
__Hsfr13                                       sfr13        00000
__Hsfr14                                       sfr14        00000
__Hsfr15                                       sfr15        00000
__Hsfr16                                       sfr16        00000
__Hsfr17                                       sfr17        00000
__Hsfr18                                       sfr18        00000
__Hsfr19                                       sfr19        00000
__Hsfr2                                        sfr2         00000
__Hsfr20                                       sfr20        00000
__Hsfr21                                       sfr21        00000
__Hsfr22                                       sfr22        00000
__Hsfr23                                       sfr23        00000
__Hsfr24                                       sfr24        00000
__Hsfr25                                       sfr25        00000
__Hsfr26                                       sfr26        00000
__Hsfr27                                       sfr27        00000
__Hsfr28                                       sfr28        00000
__Hsfr29                                       sfr29        00000
__Hsfr3                                        sfr3         00000
__Hsfr30                                       sfr30        00000
__Hsfr31                                       sfr31        00000
__Hsfr4                                        sfr4         00000
__Hsfr5                                        sfr5         00000
__Hsfr6                                        sfr6         00000
__Hsfr7                                        sfr7         00000
__Hsfr8                                        sfr8         00000
__Hsfr9                                        sfr9         00000
__Hsivt                                        sivt         00075
__Hspace_0                                     (abs)        01000
__Hspace_1                                     (abs)        000D2
__Hspace_2                                     (abs)        00000
__Hspace_3                                     (abs)        00000
__Hspace_4                                     (abs)        10010
__Hstack                                       stack        00000
__Hstrings                                     strings      00000
__Htext                                        text         00000
__L__absolute__                                __absolute__ 00000
__Labs1                                        abs1         00000
__Lbank0                                       bank0        00000
__Lbank1                                       bank1        00000
__Lbank10                                      bank10       00000
__Lbank11                                      bank11       00000
__Lbank12                                      bank12       00000
__Lbank13                                      bank13       00000
__Lbank14                                      bank14       00000
__Lbank15                                      bank15       00000
__Lbank16                                      bank16       00000
__Lbank17                                      bank17       00000
__Lbank18                                      bank18       00000
__Lbank19                                      bank19       00000
__Lbank2                                       bank2        00000
__Lbank20                                      bank20       00000
__Lbank21                                      bank21       00000
__Lbank22                                      bank22       00000
__Lbank23                                      bank23       00000
__Lbank24                                      bank24       00000
__Lbank25                                      bank25       00000
__Lbank26                                      bank26       00000
__Lbank27                                      bank27       00000
__Lbank28                                      bank28       00000
__Lbank29                                      bank29       00000
__Lbank3                                       bank3        00000
__Lbank30                                      bank30       00000
__Lbank31                                      bank31       00000
__Lbank4                                       bank4        00000
__Lbank5                                       bank5        00000
__Lbank6                                       bank6        00000
__Lbank7                                       bank7        00000
__Lbank8                                       bank8        00000
__Lbank9                                       bank9        00000
__Lbigram                                      bigram       00000
__LbssBANK0                                    bssBANK0     00000
__LbssBANK1                                    bssBANK1     00000
__LbssCOMMON                                   bssCOMMON    00000
__Lcinit                                       cinit        00077
__Lclrtext                                     clrtext      00000
__Lcode                                        code         00000
__Lcommon                                      common       00000
__Lconfig                                      config       00000
__LcstackBANK0                                 cstackBANK0  00000
__LcstackBANK1                                 cstackBANK1  00000
__LcstackCOMMON                                cstackCOMMON 00000
__Leeprom_data                                 eeprom_data  00000
__Lend_init                                    end_init     00075
__Lfunctab                                     functab      00000
__Lheap                                        heap         00000
__Linit                                        init         00075
__Lintentry                                    intentry     00004
__Lmaintext                                    maintext     00000
__LnvBANK0                                     nvBANK0      00000
__LnvBANK1                                     nvBANK1      00000
__Lpowerup                                     powerup      00000
__Lram                                         ram          00000
__Lreset_vec                                   reset_vec    00000
__Lsfr0                                        sfr0         00000
__Lsfr1                                        sfr1         00000
__Lsfr10                                       sfr10        00000
__Lsfr11                                       sfr11        00000
__Lsfr12                                       sfr12        00000
__Lsfr13                                       sfr13        00000
__Lsfr14                                       sfr14        00000
__Lsfr15                                       sfr15        00000
__Lsfr16                                       sfr16        00000
__Lsfr17                                       sfr17        00000
__Lsfr18                                       sfr18        00000
__Lsfr19                                       sfr19        00000
__Lsfr2                                        sfr2         00000
__Lsfr20                                       sfr20        00000
__Lsfr21                                       sfr21        00000
__Lsfr22                                       sfr22        00000
__Lsfr23                                       sfr23        00000
__Lsfr24                                       sfr24        00000
__Lsfr25                                       sfr25        00000
__Lsfr26                                       sfr26        00000
__Lsfr27                                       sfr27        00000
__Lsfr28                                       sfr28        00000
__Lsfr29                                       sfr29        00000
__Lsfr3                                        sfr3         00000
__Lsfr30                                       sfr30        00000
__Lsfr31                                       sfr31        00000
__Lsfr4                                        sfr4         00000
__Lsfr5                                        sfr5         00000
__Lsfr6                                        sfr6         00000
__Lsfr7                                        sfr7         00000
__Lsfr8                                        sfr8         00000
__Lsfr9                                        sfr9         00000
__Lsivt                                        sivt         00075
__Lspace_0                                     (abs)        00000
__Lspace_1                                     (abs)        00000
__Lspace_2                                     (abs)        00000
__Lspace_3                                     (abs)        00000
__Lspace_4                                     (abs)        00000
__Lstack                                       stack        00000
__Lstrings                                     strings      00000
__Ltext                                        text         00000
__S0                                           (abs)        01000
__S1                                           (abs)        000D2
__S3                                           (abs)        00000
___awdiv                                       text7        00481
___awdiv@counter                               cstackBANK0  00038
___awdiv@dividend                              cstackBANK0  00036
___awdiv@divisor                               cstackBANK0  00034
___awdiv@quotient                              cstackBANK0  0003A
___awdiv@sign                                  cstackBANK0  00039
___awmod                                       text6        00535
___awmod@counter                               cstackBANK0  00032
___awmod@dividend                              cstackBANK0  00030
___awmod@divisor                               cstackBANK0  0002E
___awmod@sign                                  cstackBANK0  00033
___heap_hi                                     (abs)        00000
___heap_lo                                     (abs)        00000
___int_sp                                      stack        00000
___int_stack_hi                                stack        00000
___int_stack_lo                                stack        00000
___latbits                                     (abs)        00001
___lldiv                                       text41       004DD
___lldiv@counter                               cstackCOMMON 0007C
___lldiv@dividend                              cstackCOMMON 00074
___lldiv@divisor                               cstackCOMMON 00070
___lldiv@quotient                              cstackCOMMON 00078
___lmul                                        text40       00642
___lmul@multiplicand                           cstackCOMMON 00074
___lmul@multiplier                             cstackCOMMON 00070
___lmul@product                                cstackCOMMON 00078
___sp                                          stack        00000
___stack_hi                                    stack        00000
___stack_lo                                    stack        00000
___stackhi                                     (abs)        00000
___stacklo                                     (abs)        00000
__end_of_ADC_Initialize                        text30       00F6B
__end_of_Buscar_Proxima_Parada                 text35       003D8
__end_of_CMP1_ISR                              text57       00F2C
__end_of_CMP1_Initialize                       text29       00FCA
__end_of_CMP2_ISR                              text56       00F2F
__end_of_CMP2_Initialize                       text28       00FD6
__end_of_Controle_Descer                       text33       00FF2
__end_of_Controle_Parar                        text2        00FBE
__end_of_Controle_Subir                        text32       01000
__end_of_EUSART_DefaultErrorHandler            text54       00F33
__end_of_EUSART_DefaultFramingErrorHandler     text53       00F27
__end_of_EUSART_DefaultOverrunErrorHandler     text52       00F37
__end_of_EUSART_Initialize                     text22       005C9
__end_of_EUSART_Read                           text4        0071F
__end_of_EUSART_Receive_ISR                    text51       00642
__end_of_EUSART_RxDataHandler                  text55       007A6
__end_of_EUSART_SetErrorHandler                text27       00F7D
__end_of_EUSART_SetFramingErrorHandler         text26       00F86
__end_of_EUSART_SetOverrunErrorHandler         text25       00F8F
__end_of_EUSART_SetRxInterruptHandler          text24       00F98
__end_of_EUSART_SetTxInterruptHandler          text23       00FA1
__end_of_EUSART_Transmit_ISR                   text50       00762
__end_of_EUSART_Write                          text8        006FA
__end_of_EUSART_is_rx_ready                    text31       00F74
__end_of_FVR_Initialize                        text21       00F3B
__end_of_INTERRUPT_InterruptManager            intentry     00075
__end_of_IOCBF0_DefaultInterruptHandler        text49       00F28
__end_of_IOCBF0_ISR                            text48       007F7
__end_of_IOCBF0_SetInterruptHandler            text19       00F4A
__end_of_IOCBF3_DefaultInterruptHandler        text47       00F29
__end_of_IOCBF3_ISR                            text46       007E8
__end_of_IOCBF3_SetInterruptHandler            text18       00F50
__end_of_OSCILLATOR_Initialize                 text20       00F63
__end_of_PIN_MANAGER_IOC                       text45       007CA
__end_of_PIN_MANAGER_Initialize                text17       006A5
__end_of_PWM3_Initialize                       text16       00FAA
__end_of_PWM3_LoadDutyValue                    text34       0077E
__end_of_SENSORES_CalcularVelocidade           text38       00481
__end_of_SYSTEM_Initialize                     text9        00744
__end_of_TMR0_Initialize                       text15       00FB4
__end_of_TMR0_ReadTimer                        text42       00F44
__end_of_TMR2_DefaultInterruptHandler          text44       00003
__end_of_TMR2_ISR                              text43       00FE4
__end_of_TMR2_Initialize                       text13       007B9
__end_of_TMR2_SetInterruptHandler              text14       00F56
__end_of_TMR4_DefaultInterruptHandler          text39       00004
__end_of_TMR4_ISR                              text37       007D9
__end_of_TMR4_Initialize                       text11       00792
__end_of_TMR4_SetInterruptHandler              text12       00800
__end_of_UART_EnviaDados                       text5        00326
__end_of_UART_RecebePedido                     text3        006D3
__end_of_Verificar_Sensores                    text1        00609
__end_of_WDT_Initialize                        text10       00F3F
__end_of___awdiv                               text7        004DD
__end_of___awmod                               text6        00587
__end_of___lldiv                               text41       00535
__end_of___lmul                                text40       00675
__end_of__initialization                       cinit        00088
__end_of_main                                  maintext     001DA
__initialization                               cinit        00077
__pbssBANK0                                    bssBANK0     0003F
__pbssBANK1                                    bssBANK1     000A0
__pbssCOMMON                                   bssCOMMON    0007D
__pcstackBANK0                                 cstackBANK0  00020
__pcstackBANK1                                 cstackBANK1  000B8
__pcstackCOMMON                                cstackCOMMON 00070
__pintentry                                    intentry     00004
__pmaintext                                    maintext     0008C
__pnvBANK0                                     nvBANK0      0005C
__pnvBANK1                                     nvBANK1      000C6
__ptext1                                       text1        005C9
__ptext10                                      text10       00F3B
__ptext11                                      text11       0077E
__ptext12                                      text12       007F7
__ptext13                                      text13       007A6
__ptext14                                      text14       00F50
__ptext15                                      text15       00FAA
__ptext16                                      text16       00FA1
__ptext17                                      text17       00675
__ptext18                                      text18       00F4A
__ptext19                                      text19       00F44
__ptext2                                       text2        00FB4
__ptext20                                      text20       00F5C
__ptext21                                      text21       00F37
__ptext22                                      text22       00587
__ptext23                                      text23       00F98
__ptext24                                      text24       00F8F
__ptext25                                      text25       00F86
__ptext26                                      text26       00F7D
__ptext27                                      text27       00F74
__ptext28                                      text28       00FCA
__ptext29                                      text29       00FBE
__ptext3                                       text3        006A5
__ptext30                                      text30       00F63
__ptext31                                      text31       00F6B
__ptext32                                      text32       00FF2
__ptext33                                      text33       00FE4
__ptext34                                      text34       00762
__ptext35                                      text35       00326
__ptext37                                      text37       007CA
__ptext38                                      text38       003D8
__ptext39                                      text39       00003
__ptext4                                       text4        006FA
__ptext40                                      text40       00642
__ptext41                                      text41       004DD
__ptext42                                      text42       00F3F
__ptext43                                      text43       00FD6
__ptext44                                      text44       00002
__ptext45                                      text45       007B9
__ptext46                                      text46       007D9
__ptext47                                      text47       00F28
__ptext48                                      text48       007E8
__ptext49                                      text49       00F27
__ptext5                                       text5        001DA
__ptext50                                      text50       00744
__ptext51                                      text51       00609
__ptext52                                      text52       00F33
__ptext53                                      text53       00F26
__ptext54                                      text54       00F2F
__ptext55                                      text55       00792
__ptext56                                      text56       00F2C
__ptext57                                      text57       00F29
__ptext6                                       text6        00535
__ptext7                                       text7        00481
__ptext8                                       text8        006D3
__ptext9                                       text9        0071F
_andar_atual                                   bssBANK0     00051
_andar_destino                                 bssBANK0     0004F
_buffer_destino                                bssBANK0     0005A
_buffer_origem                                 bssBANK0     0005B
_contador_espera                               bssBANK0     00045
_contador_telemetria                           bssBANK0     00047
_estado_atual                                  bssBANK0     0004E
_estado_motor                                  bssBANK0     00052
_eusartRxBuffer                                bssBANK1     000A8
_eusartRxCount                                 bssBANK0     00054
_eusartRxHead                                  bssCOMMON    0007D
_eusartRxLastError                             bssBANK0     00053
_eusartRxStatusBuffer                          bssBANK1     000A0
_eusartRxTail                                  bssBANK0     00055
_eusartTxBuffer                                bssBANK1     000B0
_eusartTxBufferRemaining                       bssBANK0     00056
_eusartTxHead                                  bssBANK0     00058
_eusartTxTail                                  bssBANK0     00057
_main                                          maintext     0008C
_posicao_mm                                    bssBANK0     00050
_solicitacoes                                  bssBANK0     0003F
_temperatura_ponte                             bssBANK0     0004C
_timer0ReloadVal                               bssBANK0     00059
_total_pulsos                                  bssBANK0     00043
_ultimo_valor_timer0                           bssBANK0     0004B
_velocidade_atual                              bssBANK0     0004D
btemp                                          (abs)        0007E
btemp0                                         (abs)        0007E
btemp1                                         (abs)        0007F
clear_ram0                                     clrtext      00F56
end_of_initialization                          cinit        00088
int$flags                                      (abs)        0007E
intlevel0                                      functab      00000
intlevel1                                      functab      00000
intlevel2                                      functab      00000
intlevel3                                      functab      00000
intlevel4                                      functab      00000
intlevel5                                      functab      00000
ltemp0a                                        (abs)        00080
main@alvo                                      cstackBANK1  000C4
main@d                                         cstackBANK1  000C2
main@novo_alvo                                 cstackBANK1  000BE
main@o                                         cstackBANK1  000C0
main@proximo                                   cstackBANK1  000BC
reset_vec                                      reset_vec    00000
start                                          init         00075
start_initialization                           cinit        00077
ttemp0a                                        (abs)        0007F
wtemp0                                         (abs)        0007E
wtemp0a                                        (abs)        0007F


MODULE INFORMATION

Module		Function		Class		Link	Load	Size
mcc_generated_files/cmp1.c
		_CMP1_ISR      		CODE           	0F29	0000	3
		_CMP1_Initialize		CODE           	0FBE	0000	12

mcc_generated_files/cmp1.c estimated size: 15

C:\Program Files\Microchip\xc8\v3.10\pic\sources\c99\common\awmod.c
		___awmod       		CODE           	0535	0000	82

C:\Program Files\Microchip\xc8\v3.10\pic\sources\c99\common\awmod.c estimated size: 82

mcc_generated_files/fvr.c
		_FVR_Initialize		CODE           	0F37	0000	4

mcc_generated_files/fvr.c estimated size: 4

mcc_generated_files/tmr4.c
		_TMR4_ISR      		CODE           	07CA	0000	15
		_TMR4_Initialize		CODE           	077E	0000	20
		_TMR4_SetInterruptHandler		CODE           	07F7	0000	9
		_TMR4_DefaultInterruptHandler		CODE           	0003	0000	1

mcc_generated_files/tmr4.c estimated size: 45

mcc_generated_files/tmr2.c
		_TMR2_ISR      		CODE           	0FD6	0000	14
		_TMR2_Initialize		CODE           	07A6	0000	19
		_TMR2_SetInterruptHandler		CODE           	0F50	0000	6
		_TMR2_DefaultInterruptHandler		CODE           	0002	0000	1

mcc_generated_files/tmr2.c estimated size: 40

mcc_generated_files/interrupt_manager.c
		_INTERRUPT_InterruptManager		CODE           	0004	0000	113

mcc_generated_files/interrupt_manager.c estimated size: 113

mcc_generated_files/tmr0.c
		_TMR0_ReadTimer		CODE           	0F3F	0000	5
		_TMR0_Initialize		CODE           	0FAA	0000	10

mcc_generated_files/tmr0.c estimated size: 15

C:\Program Files\Microchip\xc8\v3.10\pic\sources\c99\common\Umul32.c
		___lmul        		CODE           	0642	0000	51

C:\Program Files\Microchip\xc8\v3.10\pic\sources\c99\common\Umul32.c estimated size: 51

mcc_generated_files/pin_manager.c
		_IOCBF3_DefaultInterruptHandler		CODE           	0F28	0000	1
		_IOCBF0_ISR    		CODE           	07E8	0000	15
		_PIN_MANAGER_Initialize		CODE           	0675	0000	48
		_IOCBF3_ISR    		CODE           	07D9	0000	15
		_IOCBF0_SetInterruptHandler		CODE           	0F44	0000	6
		_IOCBF3_SetInterruptHandler		CODE           	0F4A	0000	6
		_PIN_MANAGER_IOC		CODE           	07B9	0000	17
		_IOCBF0_DefaultInterruptHandler		CODE           	0F27	0000	1

mcc_generated_files/pin_manager.c estimated size: 109

mcc_generated_files/adc.c
		_ADC_Initialize		CODE           	0F63	0000	8

mcc_generated_files/adc.c estimated size: 8

C:\Program Files\Microchip\xc8\v3.10\pic\sources\c99\common\awdiv.c
		___awdiv       		CODE           	0481	0000	92

C:\Program Files\Microchip\xc8\v3.10\pic\sources\c99\common\awdiv.c estimated size: 92

mcc_generated_files/cmp2.c
		_CMP2_ISR      		CODE           	0F2C	0000	3
		_CMP2_Initialize		CODE           	0FCA	0000	12

mcc_generated_files/cmp2.c estimated size: 15

motor.c
		_SENSORES_CalcularVelocidade		CODE           	03D8	0000	169

motor.c estimated size: 169

shared
		__initialization		CODE           	0077	0000	17

shared estimated size: 17

mcc_generated_files/mcc.c
		_WDT_Initialize		CODE           	0F3B	0000	4
		_OSCILLATOR_Initialize		CODE           	0F5C	0000	7
		_SYSTEM_Initialize		CODE           	071F	0000	37

mcc_generated_files/mcc.c estimated size: 48

mcc_generated_files/pwm3.c
		_PWM3_Initialize		CODE           	0FA1	0000	9
		_PWM3_LoadDutyValue		CODE           	0762	0000	28

mcc_generated_files/pwm3.c estimated size: 37

C:\Program Files\Microchip\xc8\v3.10\pic\sources\c99\common\__lldiv.c
		___lldiv       		CODE           	04DD	0000	88

C:\Program Files\Microchip\xc8\v3.10\pic\sources\c99\common\__lldiv.c estimated size: 88

mcc_generated_files/eusart.c
		_EUSART_SetRxInterruptHandler		CODE           	0F8F	0000	9
		_EUSART_SetTxInterruptHandler		CODE           	0F98	0000	9
		_EUSART_Read   		CODE           	06FA	0000	37
		_EUSART_DefaultOverrunErrorHandler		CODE           	0F33	0000	4
		_EUSART_Write  		CODE           	06D3	0000	39
		_EUSART_DefaultErrorHandler		CODE           	0F2F	0000	4
		_EUSART_Transmit_ISR		CODE           	0744	0000	30
		_EUSART_Initialize		CODE           	0587	0000	66
		_EUSART_SetFramingErrorHandler		CODE           	0F7D	0000	9
		_EUSART_SetErrorHandler		CODE           	0F74	0000	9
		_EUSART_SetOverrunErrorHandler		CODE           	0F86	0000	9
		_EUSART_Receive_ISR		CODE           	0609	0000	57
		_EUSART_RxDataHandler		CODE           	0792	0000	20
		_EUSART_DefaultFramingErrorHandler		CODE           	0F26	0000	1
		_EUSART_is_rx_ready		CODE           	0F6B	0000	9

mcc_generated_files/eusart.c estimated size: 312

main.c
		_Controle_Parar		CODE           	0FB4	0000	10
		_Controle_Subir		CODE           	0FF2	0000	14
		_main          		CODE           	008C	0000	334
		_Controle_Descer		CODE           	0FE4	0000	14
		_Verificar_Sensores		CODE           	05C9	0000	64
		_Buscar_Proxima_Parada		CODE           	0326	0000	178

main.c estimated size: 614

comm.c
		_UART_RecebePedido		CODE           	06A5	0000	46
		_UART_EnviaDados		CODE           	01DA	0000	332

comm.c estimated size: 378

